------------------------------------------------------------
TimeQuest Timing Analyzer Summary
------------------------------------------------------------

Type  : Slow 1100mV 85C Model Setup 'clk'
Slack : 15.130
TNS   : 0.000

Type  : Slow 1100mV 85C Model Hold 'clk'
Slack : 0.248
TNS   : 0.000

Type  : Slow 1100mV 85C Model Minimum Pulse Width 'clk'
Slack : 9.394
TNS   : 0.000

Type  : Slow 1100mV 0C Model Setup 'clk'
Slack : 15.140
TNS   : 0.000

Type  : Slow 1100mV 0C Model Hold 'clk'
Slack : 0.235
TNS   : 0.000

Type  : Slow 1100mV 0C Model Minimum Pulse Width 'clk'
Slack : 9.320
TNS   : 0.000

Type  : Fast 1100mV 85C Model Setup 'clk'
Slack : 16.963
TNS   : 0.000

Type  : Fast 1100mV 85C Model Hold 'clk'
Slack : 0.149
TNS   : 0.000

Type  : Fast 1100mV 85C Model Minimum Pulse Width 'clk'
Slack : 9.410
TNS   : 0.000

Type  : Fast 1100mV 0C Model Setup 'clk'
Slack : 17.203
TNS   : 0.000

Type  : Fast 1100mV 0C Model Hold 'clk'
Slack : 0.136
TNS   : 0.000

Type  : Fast 1100mV 0C Model Minimum Pulse Width 'clk'
Slack : 9.410
TNS   : 0.000

------------------------------------------------------------
