------------------------------------------------------------
TimeQuest Timing Analyzer Summary
------------------------------------------------------------

Type  : Slow 1100mV 85C Model Setup 'clk'
Slack : 16.938
TNS   : 0.000

Type  : Slow 1100mV 85C Model Hold 'clk'
Slack : 0.237
TNS   : 0.000

Type  : Slow 1100mV 85C Model Minimum Pulse Width 'clk'
Slack : 9.399
TNS   : 0.000

Type  : Slow 1100mV 0C Model Setup 'clk'
Slack : 16.884
TNS   : 0.000

Type  : Slow 1100mV 0C Model Hold 'clk'
Slack : 0.223
TNS   : 0.000

Type  : Slow 1100mV 0C Model Minimum Pulse Width 'clk'
Slack : 9.330
TNS   : 0.000

Type  : Fast 1100mV 85C Model Setup 'clk'
Slack : 18.257
TNS   : 0.000

Type  : Fast 1100mV 85C Model Hold 'clk'
Slack : 0.136
TNS   : 0.000

Type  : Fast 1100mV 85C Model Minimum Pulse Width 'clk'
Slack : 9.410
TNS   : 0.000

Type  : Fast 1100mV 0C Model Setup 'clk'
Slack : 18.309
TNS   : 0.000

Type  : Fast 1100mV 0C Model Hold 'clk'
Slack : 0.124
TNS   : 0.000

Type  : Fast 1100mV 0C Model Minimum Pulse Width 'clk'
Slack : 9.412
TNS   : 0.000

------------------------------------------------------------
