Power Analyzer report for coherent_average_tb
Wed May 10 18:46:00 2023
Quartus Prime Version 17.1.0 Build 590 10/25/2017 SJ Lite Edition


---------------------
; Table of Contents ;
---------------------
  1. Legal Notice
  2. Parallel Compilation
  3. Power Analyzer Summary
  4. Power Analyzer Settings
  5. Indeterminate Toggle Rates
  6. Operating Conditions Used
  7. Thermal Power Dissipation by Block
  8. Thermal Power Dissipation by Block Type
  9. Thermal Power Dissipation by Hierarchy
 10. Core Dynamic Thermal Power Dissipation by Clock Domain
 11. Current Drawn from Voltage Supplies Summary
 12. VCCIO Supply Current Drawn by I/O Bank
 13. VCCIO Supply Current Drawn by Voltage
 14. VCCPD Supply Current Drawn by I/O Bank
 15. VCCPD Supply Current Drawn by Voltage
 16. Confidence Metric Details
 17. Signal Activities
 18. Power Analyzer Messages



----------------
; Legal Notice ;
----------------
Copyright (C) 2017  Intel Corporation. All rights reserved.
Your use of Intel Corporation's design tools, logic functions 
and other software and tools, and its AMPP partner logic 
functions, and any output files from any of the foregoing 
(including device programming or simulation files), and any 
associated documentation or information are expressly subject 
to the terms and conditions of the Intel Program License 
Subscription Agreement, the Intel Quartus Prime License Agreement,
the Intel FPGA IP License Agreement, or other applicable license
agreement, including, without limitation, that your use is for
the sole purpose of programming logic devices manufactured by
Intel and sold by Intel or its authorized distributors.  Please
refer to the applicable agreement for further details.



+------------------------------------------+
; Parallel Compilation                     ;
+----------------------------+-------------+
; Processors                 ; Number      ;
+----------------------------+-------------+
; Number detected on machine ; 4           ;
; Maximum allowed            ; 2           ;
;                            ;             ;
; Average used               ; 1.27        ;
; Maximum used               ; 2           ;
;                            ;             ;
; Usage by Processor         ; % Time Used ;
;     Processor 1            ; 100.0%      ;
;     Processor 2            ;  26.5%      ;
+----------------------------+-------------+


+-------------------------------------------------------------------------------------------+
; Power Analyzer Summary                                                                    ;
+----------------------------------------+--------------------------------------------------+
; Power Analyzer Status                  ; Successful - Wed May 10 18:46:00 2023            ;
; Quartus Prime Version                  ; 17.1.0 Build 590 10/25/2017 SJ Lite Edition      ;
; Revision Name                          ; coherent_average_tb                              ;
; Top-level Entity Name                  ; coherent_average_tb                              ;
; Family                                 ; Cyclone V                                        ;
; Device                                 ; 5CSEMA5F31C6                                     ;
; Power Models                           ; Final                                            ;
; Total Thermal Power Dissipation        ; 485.19 mW                                        ;
; Core Dynamic Thermal Power Dissipation ; 56.71 mW                                         ;
; Core Static Thermal Power Dissipation  ; 415.42 mW                                        ;
; I/O Thermal Power Dissipation          ; 13.06 mW                                         ;
; Power Estimation Confidence            ; Low: user provided insufficient toggle rate data ;
+----------------------------------------+--------------------------------------------------+


+------------------------------------------------------------------------------------------------------------------------------------+
; Power Analyzer Settings                                                                                                            ;
+----------------------------------------------------------------------------+---------------------------------------+---------------+
; Option                                                                     ; Setting                               ; Default Value ;
+----------------------------------------------------------------------------+---------------------------------------+---------------+
; Use smart compilation                                                      ; Off                                   ; Off           ;
; Enable parallel Assembler and TimeQuest Timing Analyzer during compilation ; On                                    ; On            ;
; Enable compact report table                                                ; Off                                   ; Off           ;
; Preset Cooling Solution                                                    ; 23 MM HEAT SINK WITH 200 LFPM AIRFLOW ;               ;
; Board thermal model                                                        ; None (CONSERVATIVE)                   ;               ;
; Default Power Toggle Rate                                                  ; 12.5%                                 ; 12.5%         ;
; Default Power Input I/O Toggle Rate                                        ; 12.5%                                 ; 12.5%         ;
; Use vectorless estimation                                                  ; On                                    ; On            ;
; Use Input Files                                                            ; Off                                   ; Off           ;
; Filter Glitches in VCD File Reader                                         ; On                                    ; On            ;
; Power Analyzer Report Signal Activity                                      ; Off                                   ; Off           ;
; Power Analyzer Report Power Dissipation                                    ; Off                                   ; Off           ;
; Device Power Characteristics                                               ; TYPICAL                               ; TYPICAL       ;
; Automatically Compute Junction Temperature                                 ; On                                    ; On            ;
; Specified Junction Temperature                                             ; 25                                    ; 25            ;
; Ambient Temperature                                                        ; 25                                    ; 25            ;
; Use Custom Cooling Solution                                                ; Off                                   ; Off           ;
; Board Temperature                                                          ; 25                                    ; 25            ;
; Enable HPS                                                                 ; Off                                   ; Off           ;
; Processor Frequency                                                        ; 0.0                                   ; 0.0           ;
+----------------------------------------------------------------------------+---------------------------------------+---------------+


+----------------------------------------------------+
; Indeterminate Toggle Rates                         ;
+---------------------+------------------------------+
; Node                ; Reason                       ;
+---------------------+------------------------------+
; SW[1]               ; No valid clock domain found  ;
; SW[2]               ; No valid clock domain found  ;
; SW[3]               ; No valid clock domain found  ;
; SW[4]               ; No valid clock domain found  ;
; SW[5]               ; No valid clock domain found  ;
; SW[6]               ; No valid clock domain found  ;
; SW[7]               ; No valid clock domain found  ;
; SW[9]               ; No valid clock domain found  ;
; KEY[1]              ; No valid clock domain found  ;
; KEY[2]              ; No valid clock domain found  ;
; KEY[3]              ; No valid clock domain found  ;
; SW[0]               ; No valid clock domain found  ;
; SW[8]               ; Multiple clock domains found ;
; KEY[0]~inputCLKENA0 ; No valid clock domain found  ;
+---------------------+------------------------------+


+-------------------------------------------------------------------------+
; Operating Conditions Used                                               ;
+---------------------------------------------+---------------------------+
; Setting                                     ; Value                     ;
+---------------------------------------------+---------------------------+
; Device power characteristics                ; Typical                   ;
;                                             ;                           ;
; Voltages                                    ;                           ;
;     VCC                                     ; 1.10 V                    ;
;     VCCA_FPLL                               ; 2.50 V                    ;
;     VCCPGM                                  ; 1.80 V                    ;
;     VCCBAT                                  ; 1.20 V                    ;
;     VCCE_GXB                                ; 1.10 V                    ;
;     VCCL_GXB                                ; 1.10 V                    ;
;     VCCH_GXB                                ; 2.50 V                    ;
;     VCCAUX                                  ; 2.50 V                    ;
;     VCC_HPS                                 ; 1.10 V                    ;
;     VCCRSTCLK_HPS                           ; 1.80 V                    ;
;     VCCPLL_HPS                              ; 2.50 V                    ;
;     VCCAUX_SHARED                           ; 2.50 V                    ;
;     2.5 V I/O Standard                      ; 2.5 V                     ;
;                                             ;                           ;
; Auto computed junction temperature          ; 27.2 degrees Celsius      ;
;     Ambient temperature                     ; 25.0 degrees Celsius      ;
;     Junction-to-Case thermal resistance     ; 2.30 degrees Celsius/Watt ;
;     Case-to-Heat Sink thermal resistance    ; 0.10 degrees Celsius/Watt ;
;     Heat Sink-to-Ambient thermal resistance ; 2.10 degrees Celsius/Watt ;
;                                             ;                           ;
; Board model used                            ; None                      ;
+---------------------------------------------+---------------------------+


+----------------------------------------------------------------------------------------------------------------------------------------------+
; Thermal Power Dissipation by Block                                                                                                           ;
+------------+------------+---------------------+-----------------------------+--------------------------------+-------------------------------+
; Block Name ; Block Type ; Total Thermal Power ; Block Thermal Dynamic Power ; Block Thermal Static Power (1) ; Routing Thermal Dynamic Power ;
+------------+------------+---------------------+-----------------------------+--------------------------------+-------------------------------+
(1) The "Thermal Power Dissipation by Block" Table has been hidden. To show this table, please select the "Write power dissipation by block to report file" option under "PowerPlay Power Analyzer Settings".


+-------------------------------------------------------------------------------------------------------------------------------------------------------------------------------------------------------------------+
; Thermal Power Dissipation by Block Type                                                                                                                                                                           ;
+--------------------+-----------------------------------+-----------------------------+--------------------------------+-------------------------------+-----------------------------------------------------------+
; Block Type         ; Total Thermal Power by Block Type ; Block Thermal Dynamic Power ; Block Thermal Static Power (1) ; Routing Thermal Dynamic Power ; Block Average Toggle Rate (millions of transitions / sec) ;
+--------------------+-----------------------------------+-----------------------------+--------------------------------+-------------------------------+-----------------------------------------------------------+
; M10K block         ; 1.29 mW                           ; 1.22 mW                     ; --                             ; 0.06 mW                       ;    5.847                                                  ;
; DSP block          ; 6.50 mW                           ; 4.65 mW                     ; --                             ; 1.86 mW                       ;    6.946                                                  ;
; Combinational cell ; 30.56 mW                          ; 8.43 mW                     ; --                             ; 22.13 mW                      ;   11.996                                                  ;
; Clock enable block ; 4.58 mW                           ; 0.00 mW                     ; --                             ; 4.58 mW                       ;   88.001                                                  ;
; Register cell      ; 2.44 mW                           ; 1.09 mW                     ; --                             ; 1.35 mW                       ;    5.236                                                  ;
; I/O                ; 5.06 mW                           ; 3.40 mW                     ; 1.66 mW                        ; 0.00 mW                       ;    2.096                                                  ;
; PLL                ; 11.35 mW                          ; 11.35 mW                    ; --                             ; 0.00 mW                       ;   33.869                                                  ;
+--------------------+-----------------------------------+-----------------------------+--------------------------------+-------------------------------+-----------------------------------------------------------+
(1) The "Block Thermal Static Power" for all block types except Pins and the Voltage Regulator, if one exists, is part of the "Core Static Thermal Power Dissipation" value found on the PowerPlay Power Analyzer-->Summary report panel. The "Core Static Thermal Power Dissipation" also contains the thermal static power dissipated by the routing.


+-----------------------------------------------------------------------------------------------------------------------------------------------------------------------------------------------------------------------------------------------------------------------------------------------------------------------------------------------------------+
; Thermal Power Dissipation by Hierarchy                                                                                                                                                                                                                                                                                                                    ;
+----------------------------------------------+--------------------------------------+---------------------------------+-----------------------------------+-----------------------------------+-----------------------------------------------------------------------------------------------------------------------------------------------------------+
; Compilation Hierarchy Node                   ; Total Thermal Power by Hierarchy (1) ; Block Thermal Dynamic Power (1) ; Block Thermal Static Power (1)(2) ; Routing Thermal Dynamic Power (1) ; Full Hierarchy Name                                                                                                                                       ;
+----------------------------------------------+--------------------------------------+---------------------------------+-----------------------------------+-----------------------------------+-----------------------------------------------------------------------------------------------------------------------------------------------------------+
; |coherent_average_tb                         ; 61.77 mW (5.09 mW)                   ; 30.14 mW (3.40 mW)              ; 1.66 mW (1.66 mW)                 ; 29.97 mW (0.02 mW)                ; |coherent_average_tb                                                                                                                                      ;
;     |coherent_average_sm:CA                  ; 3.11 mW (1.83 mW)                    ; 2.01 mW (0.78 mW)               ; --                                ; 1.11 mW (1.05 mW)                 ; |coherent_average_tb|coherent_average_sm:CA                                                                                                               ;
;         |altsyncram:y_rtl_0                  ; 0.85 mW (0.00 mW)                    ; 0.80 mW (0.00 mW)               ; --                                ; 0.04 mW (0.00 mW)                 ; |coherent_average_tb|coherent_average_sm:CA|altsyncram:y_rtl_0                                                                                            ;
;             |altsyncram_m6n1:auto_generated  ; 0.85 mW (0.85 mW)                    ; 0.80 mW (0.80 mW)               ; --                                ; 0.04 mW (0.04 mW)                 ; |coherent_average_tb|coherent_average_sm:CA|altsyncram:y_rtl_0|altsyncram_m6n1:auto_generated                                                             ;
;         |altsyncram:y_rtl_1                  ; 0.44 mW (0.00 mW)                    ; 0.42 mW (0.00 mW)               ; --                                ; 0.02 mW (0.00 mW)                 ; |coherent_average_tb|coherent_average_sm:CA|altsyncram:y_rtl_1                                                                                            ;
;             |altsyncram_s9j1:auto_generated  ; 0.44 mW (0.44 mW)                    ; 0.42 mW (0.42 mW)               ; --                                ; 0.02 mW (0.02 mW)                 ; |coherent_average_tb|coherent_average_sm:CA|altsyncram:y_rtl_1|altsyncram_s9j1:auto_generated                                                             ;
;     |lockin_amplitude:amplitud_ca_li_inst    ; 16.84 mW (3.79 mW)                   ; 5.96 mW (2.35 mW)               ; --                                ; 10.88 mW (1.44 mW)                ; |coherent_average_tb|lockin_amplitude:amplitud_ca_li_inst                                                                                                 ;
;         |lpm_divide:Div0                     ; 13.05 mW (0.00 mW)                   ; 3.61 mW (0.00 mW)               ; --                                ; 9.44 mW (0.00 mW)                 ; |coherent_average_tb|lockin_amplitude:amplitud_ca_li_inst|lpm_divide:Div0                                                                                 ;
;             |lpm_divide_9dm:auto_generated   ; 13.05 mW (0.00 mW)                   ; 3.61 mW (0.00 mW)               ; --                                ; 9.44 mW (0.00 mW)                 ; |coherent_average_tb|lockin_amplitude:amplitud_ca_li_inst|lpm_divide:Div0|lpm_divide_9dm:auto_generated                                                   ;
;                 |sign_div_unsign_fnh:divider ; 13.05 mW (0.00 mW)                   ; 3.61 mW (0.00 mW)               ; --                                ; 9.44 mW (0.00 mW)                 ; |coherent_average_tb|lockin_amplitude:amplitud_ca_li_inst|lpm_divide:Div0|lpm_divide_9dm:auto_generated|sign_div_unsign_fnh:divider                       ;
;                     |alt_u_div_43f:divider   ; 13.05 mW (13.05 mW)                  ; 3.61 mW (3.61 mW)               ; --                                ; 9.44 mW (9.44 mW)                 ; |coherent_average_tb|lockin_amplitude:amplitud_ca_li_inst|lpm_divide:Div0|lpm_divide_9dm:auto_generated|sign_div_unsign_fnh:divider|alt_u_div_43f:divider ;
;     |lockin_amplitude:amplitud_li_inst       ; 15.31 mW (1.73 mW)                   ; 4.83 mW (1.28 mW)               ; --                                ; 10.48 mW (0.45 mW)                ; |coherent_average_tb|lockin_amplitude:amplitud_li_inst                                                                                                    ;
;         |lpm_divide:Div0                     ; 13.57 mW (0.00 mW)                   ; 3.55 mW (0.00 mW)               ; --                                ; 10.02 mW (0.00 mW)                ; |coherent_average_tb|lockin_amplitude:amplitud_li_inst|lpm_divide:Div0                                                                                    ;
;             |lpm_divide_9dm:auto_generated   ; 13.57 mW (0.00 mW)                   ; 3.55 mW (0.00 mW)               ; --                                ; 10.02 mW (0.00 mW)                ; |coherent_average_tb|lockin_amplitude:amplitud_li_inst|lpm_divide:Div0|lpm_divide_9dm:auto_generated                                                      ;
;                 |sign_div_unsign_fnh:divider ; 13.57 mW (0.00 mW)                   ; 3.55 mW (0.00 mW)               ; --                                ; 10.02 mW (0.00 mW)                ; |coherent_average_tb|lockin_amplitude:amplitud_li_inst|lpm_divide:Div0|lpm_divide_9dm:auto_generated|sign_div_unsign_fnh:divider                          ;
;                     |alt_u_div_43f:divider   ; 13.57 mW (13.57 mW)                  ; 3.55 mW (3.55 mW)               ; --                                ; 10.02 mW (10.02 mW)               ; |coherent_average_tb|lockin_amplitude:amplitud_li_inst|lpm_divide:Div0|lpm_divide_9dm:auto_generated|sign_div_unsign_fnh:divider|alt_u_div_43f:divider    ;
;     |hard_block:auto_generated_inst          ; 0.00 mW (0.00 mW)                    ; 0.00 mW (0.00 mW)               ; --                                ; 0.00 mW (0.00 mW)                 ; |coherent_average_tb|hard_block:auto_generated_inst                                                                                                       ;
;     |data_source:data_sim_lenta              ; 0.18 mW (0.18 mW)                    ; 0.09 mW (0.09 mW)               ; --                                ; 0.09 mW (0.09 mW)                 ; |coherent_average_tb|data_source:data_sim_lenta                                                                                                           ;
;     |data_source:data_sim_rapida             ; 0.27 mW (0.27 mW)                    ; 0.18 mW (0.18 mW)               ; --                                ; 0.09 mW (0.09 mW)                 ; |coherent_average_tb|data_source:data_sim_rapida                                                                                                          ;
;     |descomponer_en_digitos:desc_li          ; 0.44 mW (0.00 mW)                    ; 0.12 mW (0.00 mW)               ; --                                ; 0.31 mW (0.00 mW)                 ; |coherent_average_tb|descomponer_en_digitos:desc_li                                                                                                       ;
;         |lpm_divide:Div0                     ; 0.02 mW (0.00 mW)                    ; 0.01 mW (0.00 mW)               ; --                                ; 0.01 mW (0.00 mW)                 ; |coherent_average_tb|descomponer_en_digitos:desc_li|lpm_divide:Div0                                                                                       ;
;             |lpm_divide_kbm:auto_generated   ; 0.02 mW (0.00 mW)                    ; 0.01 mW (0.00 mW)               ; --                                ; 0.01 mW (0.00 mW)                 ; |coherent_average_tb|descomponer_en_digitos:desc_li|lpm_divide:Div0|lpm_divide_kbm:auto_generated                                                         ;
;                 |sign_div_unsign_qlh:divider ; 0.02 mW (0.00 mW)                    ; 0.01 mW (0.00 mW)               ; --                                ; 0.01 mW (0.00 mW)                 ; |coherent_average_tb|descomponer_en_digitos:desc_li|lpm_divide:Div0|lpm_divide_kbm:auto_generated|sign_div_unsign_qlh:divider                             ;
;                     |alt_u_div_qve:divider   ; 0.02 mW (0.02 mW)                    ; 0.01 mW (0.01 mW)               ; --                                ; 0.01 mW (0.01 mW)                 ; |coherent_average_tb|descomponer_en_digitos:desc_li|lpm_divide:Div0|lpm_divide_kbm:auto_generated|sign_div_unsign_qlh:divider|alt_u_div_qve:divider       ;
;         |lpm_divide:Div1                     ; 0.09 mW (0.00 mW)                    ; 0.03 mW (0.00 mW)               ; --                                ; 0.06 mW (0.00 mW)                 ; |coherent_average_tb|descomponer_en_digitos:desc_li|lpm_divide:Div1                                                                                       ;
;             |lpm_divide_nbm:auto_generated   ; 0.09 mW (0.00 mW)                    ; 0.03 mW (0.00 mW)               ; --                                ; 0.06 mW (0.00 mW)                 ; |coherent_average_tb|descomponer_en_digitos:desc_li|lpm_divide:Div1|lpm_divide_nbm:auto_generated                                                         ;
;                 |sign_div_unsign_tlh:divider ; 0.09 mW (0.00 mW)                    ; 0.03 mW (0.00 mW)               ; --                                ; 0.06 mW (0.00 mW)                 ; |coherent_average_tb|descomponer_en_digitos:desc_li|lpm_divide:Div1|lpm_divide_nbm:auto_generated|sign_div_unsign_tlh:divider                             ;
;                     |alt_u_div_00f:divider   ; 0.09 mW (0.09 mW)                    ; 0.03 mW (0.03 mW)               ; --                                ; 0.06 mW (0.06 mW)                 ; |coherent_average_tb|descomponer_en_digitos:desc_li|lpm_divide:Div1|lpm_divide_nbm:auto_generated|sign_div_unsign_tlh:divider|alt_u_div_00f:divider       ;
;         |lpm_divide:Div2                     ; 0.11 mW (0.00 mW)                    ; 0.03 mW (0.00 mW)               ; --                                ; 0.09 mW (0.00 mW)                 ; |coherent_average_tb|descomponer_en_digitos:desc_li|lpm_divide:Div2                                                                                       ;
;             |lpm_divide_1dm:auto_generated   ; 0.11 mW (0.00 mW)                    ; 0.03 mW (0.00 mW)               ; --                                ; 0.09 mW (0.00 mW)                 ; |coherent_average_tb|descomponer_en_digitos:desc_li|lpm_divide:Div2|lpm_divide_1dm:auto_generated                                                         ;
;                 |sign_div_unsign_7nh:divider ; 0.11 mW (0.00 mW)                    ; 0.03 mW (0.00 mW)               ; --                                ; 0.09 mW (0.00 mW)                 ; |coherent_average_tb|descomponer_en_digitos:desc_li|lpm_divide:Div2|lpm_divide_1dm:auto_generated|sign_div_unsign_7nh:divider                             ;
;                     |alt_u_div_k2f:divider   ; 0.11 mW (0.11 mW)                    ; 0.03 mW (0.03 mW)               ; --                                ; 0.09 mW (0.09 mW)                 ; |coherent_average_tb|descomponer_en_digitos:desc_li|lpm_divide:Div2|lpm_divide_1dm:auto_generated|sign_div_unsign_7nh:divider|alt_u_div_k2f:divider       ;
;         |lpm_divide:Div3                     ; 0.03 mW (0.00 mW)                    ; 0.01 mW (0.00 mW)               ; --                                ; 0.02 mW (0.00 mW)                 ; |coherent_average_tb|descomponer_en_digitos:desc_li|lpm_divide:Div3                                                                                       ;
;             |lpm_divide_5dm:auto_generated   ; 0.03 mW (0.00 mW)                    ; 0.01 mW (0.00 mW)               ; --                                ; 0.02 mW (0.00 mW)                 ; |coherent_average_tb|descomponer_en_digitos:desc_li|lpm_divide:Div3|lpm_divide_5dm:auto_generated                                                         ;
;                 |sign_div_unsign_bnh:divider ; 0.03 mW (0.00 mW)                    ; 0.01 mW (0.00 mW)               ; --                                ; 0.02 mW (0.00 mW)                 ; |coherent_average_tb|descomponer_en_digitos:desc_li|lpm_divide:Div3|lpm_divide_5dm:auto_generated|sign_div_unsign_bnh:divider                             ;
;                     |alt_u_div_s2f:divider   ; 0.03 mW (0.03 mW)                    ; 0.01 mW (0.01 mW)               ; --                                ; 0.02 mW (0.02 mW)                 ; |coherent_average_tb|descomponer_en_digitos:desc_li|lpm_divide:Div3|lpm_divide_5dm:auto_generated|sign_div_unsign_bnh:divider|alt_u_div_s2f:divider       ;
;         |lpm_divide:Mod0                     ; 0.02 mW (0.00 mW)                    ; 0.01 mW (0.00 mW)               ; --                                ; 0.02 mW (0.00 mW)                 ; |coherent_average_tb|descomponer_en_digitos:desc_li|lpm_divide:Mod0                                                                                       ;
;             |lpm_divide_n3m:auto_generated   ; 0.02 mW (0.00 mW)                    ; 0.01 mW (0.00 mW)               ; --                                ; 0.02 mW (0.00 mW)                 ; |coherent_average_tb|descomponer_en_digitos:desc_li|lpm_divide:Mod0|lpm_divide_n3m:auto_generated                                                         ;
;                 |sign_div_unsign_qlh:divider ; 0.02 mW (0.00 mW)                    ; 0.01 mW (0.00 mW)               ; --                                ; 0.02 mW (0.00 mW)                 ; |coherent_average_tb|descomponer_en_digitos:desc_li|lpm_divide:Mod0|lpm_divide_n3m:auto_generated|sign_div_unsign_qlh:divider                             ;
;                     |alt_u_div_qve:divider   ; 0.02 mW (0.02 mW)                    ; 0.01 mW (0.01 mW)               ; --                                ; 0.02 mW (0.02 mW)                 ; |coherent_average_tb|descomponer_en_digitos:desc_li|lpm_divide:Mod0|lpm_divide_n3m:auto_generated|sign_div_unsign_qlh:divider|alt_u_div_qve:divider       ;
;         |lpm_divide:Mod1                     ; 0.02 mW (0.00 mW)                    ; 0.01 mW (0.00 mW)               ; --                                ; 0.02 mW (0.00 mW)                 ; |coherent_average_tb|descomponer_en_digitos:desc_li|lpm_divide:Mod1                                                                                       ;
;             |lpm_divide_n3m:auto_generated   ; 0.02 mW (0.00 mW)                    ; 0.01 mW (0.00 mW)               ; --                                ; 0.02 mW (0.00 mW)                 ; |coherent_average_tb|descomponer_en_digitos:desc_li|lpm_divide:Mod1|lpm_divide_n3m:auto_generated                                                         ;
;                 |sign_div_unsign_qlh:divider ; 0.02 mW (0.00 mW)                    ; 0.01 mW (0.00 mW)               ; --                                ; 0.02 mW (0.00 mW)                 ; |coherent_average_tb|descomponer_en_digitos:desc_li|lpm_divide:Mod1|lpm_divide_n3m:auto_generated|sign_div_unsign_qlh:divider                             ;
;                     |alt_u_div_qve:divider   ; 0.02 mW (0.02 mW)                    ; 0.01 mW (0.01 mW)               ; --                                ; 0.02 mW (0.02 mW)                 ; |coherent_average_tb|descomponer_en_digitos:desc_li|lpm_divide:Mod1|lpm_divide_n3m:auto_generated|sign_div_unsign_qlh:divider|alt_u_div_qve:divider       ;
;         |lpm_divide:Mod2                     ; 0.09 mW (0.00 mW)                    ; 0.03 mW (0.00 mW)               ; --                                ; 0.07 mW (0.00 mW)                 ; |coherent_average_tb|descomponer_en_digitos:desc_li|lpm_divide:Mod2                                                                                       ;
;             |lpm_divide_n3m:auto_generated   ; 0.09 mW (0.00 mW)                    ; 0.03 mW (0.00 mW)               ; --                                ; 0.07 mW (0.00 mW)                 ; |coherent_average_tb|descomponer_en_digitos:desc_li|lpm_divide:Mod2|lpm_divide_n3m:auto_generated                                                         ;
;                 |sign_div_unsign_qlh:divider ; 0.09 mW (0.00 mW)                    ; 0.03 mW (0.00 mW)               ; --                                ; 0.07 mW (0.00 mW)                 ; |coherent_average_tb|descomponer_en_digitos:desc_li|lpm_divide:Mod2|lpm_divide_n3m:auto_generated|sign_div_unsign_qlh:divider                             ;
;                     |alt_u_div_qve:divider   ; 0.09 mW (0.09 mW)                    ; 0.03 mW (0.03 mW)               ; --                                ; 0.07 mW (0.07 mW)                 ; |coherent_average_tb|descomponer_en_digitos:desc_li|lpm_divide:Mod2|lpm_divide_n3m:auto_generated|sign_div_unsign_qlh:divider|alt_u_div_qve:divider       ;
;         |lpm_divide:Mod3                     ; 0.04 mW (0.00 mW)                    ; 0.01 mW (0.00 mW)               ; --                                ; 0.03 mW (0.00 mW)                 ; |coherent_average_tb|descomponer_en_digitos:desc_li|lpm_divide:Mod3                                                                                       ;
;             |lpm_divide_n3m:auto_generated   ; 0.04 mW (0.00 mW)                    ; 0.01 mW (0.00 mW)               ; --                                ; 0.03 mW (0.00 mW)                 ; |coherent_average_tb|descomponer_en_digitos:desc_li|lpm_divide:Mod3|lpm_divide_n3m:auto_generated                                                         ;
;                 |sign_div_unsign_qlh:divider ; 0.04 mW (0.00 mW)                    ; 0.01 mW (0.00 mW)               ; --                                ; 0.03 mW (0.00 mW)                 ; |coherent_average_tb|descomponer_en_digitos:desc_li|lpm_divide:Mod3|lpm_divide_n3m:auto_generated|sign_div_unsign_qlh:divider                             ;
;                     |alt_u_div_qve:divider   ; 0.04 mW (0.04 mW)                    ; 0.01 mW (0.01 mW)               ; --                                ; 0.03 mW (0.03 mW)                 ; |coherent_average_tb|descomponer_en_digitos:desc_li|lpm_divide:Mod3|lpm_divide_n3m:auto_generated|sign_div_unsign_qlh:divider|alt_u_div_qve:divider       ;
;         |lpm_divide:Mod4                     ; 0.00 mW (0.00 mW)                    ; 0.00 mW (0.00 mW)               ; --                                ; 0.00 mW (0.00 mW)                 ; |coherent_average_tb|descomponer_en_digitos:desc_li|lpm_divide:Mod4                                                                                       ;
;             |lpm_divide_n3m:auto_generated   ; 0.00 mW (0.00 mW)                    ; 0.00 mW (0.00 mW)               ; --                                ; 0.00 mW (0.00 mW)                 ; |coherent_average_tb|descomponer_en_digitos:desc_li|lpm_divide:Mod4|lpm_divide_n3m:auto_generated                                                         ;
;                 |sign_div_unsign_qlh:divider ; 0.00 mW (0.00 mW)                    ; 0.00 mW (0.00 mW)               ; --                                ; 0.00 mW (0.00 mW)                 ; |coherent_average_tb|descomponer_en_digitos:desc_li|lpm_divide:Mod4|lpm_divide_n3m:auto_generated|sign_div_unsign_qlh:divider                             ;
;                     |alt_u_div_qve:divider   ; 0.00 mW (0.00 mW)                    ; 0.00 mW (0.00 mW)               ; --                                ; 0.00 mW (0.00 mW)                 ; |coherent_average_tb|descomponer_en_digitos:desc_li|lpm_divide:Mod4|lpm_divide_n3m:auto_generated|sign_div_unsign_qlh:divider|alt_u_div_qve:divider       ;
;     |BCD_display:display                     ; 0.04 mW (0.00 mW)                    ; 0.01 mW (0.00 mW)               ; --                                ; 0.02 mW (0.00 mW)                 ; |coherent_average_tb|BCD_display:display                                                                                                                  ;
;         |segment7:hex0                       ; 0.00 mW (0.00 mW)                    ; 0.00 mW (0.00 mW)               ; --                                ; 0.00 mW (0.00 mW)                 ; |coherent_average_tb|BCD_display:display|segment7:hex0                                                                                                    ;
;         |segment7:hex1                       ; 0.00 mW (0.00 mW)                    ; 0.00 mW (0.00 mW)               ; --                                ; 0.00 mW (0.00 mW)                 ; |coherent_average_tb|BCD_display:display|segment7:hex1                                                                                                    ;
;         |segment7:hex2                       ; 0.01 mW (0.01 mW)                    ; 0.01 mW (0.01 mW)               ; --                                ; 0.01 mW (0.01 mW)                 ; |coherent_average_tb|BCD_display:display|segment7:hex2                                                                                                    ;
;         |segment7:hex3                       ; 0.02 mW (0.02 mW)                    ; 0.01 mW (0.01 mW)               ; --                                ; 0.01 mW (0.01 mW)                 ; |coherent_average_tb|BCD_display:display|segment7:hex3                                                                                                    ;
;         |segment7:hex4                       ; 0.00 mW (0.00 mW)                    ; 0.00 mW (0.00 mW)               ; --                                ; 0.00 mW (0.00 mW)                 ; |coherent_average_tb|BCD_display:display|segment7:hex4                                                                                                    ;
;     |lockin:lockin_corto                     ; 3.13 mW (3.13 mW)                    ; 1.51 mW (1.51 mW)               ; --                                ; 1.62 mW (1.62 mW)                 ; |coherent_average_tb|lockin:lockin_corto                                                                                                                  ;
;     |lockin:lockin_simple                    ; 1.45 mW (1.45 mW)                    ; 0.67 mW (0.67 mW)               ; --                                ; 0.78 mW (0.78 mW)                 ; |coherent_average_tb|lockin:lockin_simple                                                                                                                 ;
;     |clocks:u0                               ; 15.92 mW (0.00 mW)                   ; 11.35 mW (0.00 mW)              ; --                                ; 4.58 mW (0.00 mW)                 ; |coherent_average_tb|clocks:u0                                                                                                                            ;
;         |clocks_pll_0:pll_0                  ; 15.92 mW (0.00 mW)                   ; 11.35 mW (0.00 mW)              ; --                                ; 4.58 mW (0.00 mW)                 ; |coherent_average_tb|clocks:u0|clocks_pll_0:pll_0                                                                                                         ;
;             |altera_pll:altera_pll_i         ; 15.92 mW (15.92 mW)                  ; 11.35 mW (11.35 mW)             ; --                                ; 4.58 mW (4.58 mW)                 ; |coherent_average_tb|clocks:u0|clocks_pll_0:pll_0|altera_pll:altera_pll_i                                                                                 ;
+----------------------------------------------+--------------------------------------+---------------------------------+-----------------------------------+-----------------------------------+-----------------------------------------------------------------------------------------------------------------------------------------------------------+
(1) Value in parentheses is the power consumed at that level of hierarchy. Value not in parentheses is the power consumed at that level of hierarchy plus the power consumed by all levels of hierarchy below it.

(2) The "Block Thermal Static Power" for all levels of hierarchy except the top-level hierarchy is part of the "Core Static Thermal Power Dissipation" value found on the PowerPlay Power Analyzer-->Summary report panel. The "Core Static Thermal Power Dissipation" also contains the thermal static power dissipated by the routing.


+-------------------------------------------------------------------------------------------------------------------------------------------------+
; Core Dynamic Thermal Power Dissipation by Clock Domain                                                                                          ;
+----------------------------------------------------------------------------------------------+-----------------------+--------------------------+
; Clock Domain                                                                                 ; Clock Frequency (MHz) ; Total Core Dynamic Power ;
+----------------------------------------------------------------------------------------------+-----------------------+--------------------------+
; clocks:u0|clocks_pll_0:pll_0|altera_pll:altera_pll_i|outclk_wire[3]                          ; 10.00                 ; 28.45                    ;
; clocks:u0|clocks_pll_0:pll_0|altera_pll:altera_pll_i|general[0].gpll~FRACTIONAL_PLL_O_VCOPH0 ; 300.03                ; 0.00                     ;
; CLOCK_50                                                                                     ; 50.00                 ; 0.00                     ;
; clocks:u0|clocks_pll_0:pll_0|altera_pll:altera_pll_i|outclk_wire[1]                          ; 100.00                ; 3.94                     ;
; clocks:u0|clocks_pll_0:pll_0|altera_pll:altera_pll_i|outclk_wire[2]                          ; 60.00                 ; 8.75                     ;
; clocks:u0|clocks_pll_0:pll_0|altera_pll:altera_pll_i|outclk_wire[0]                          ; 50.00                 ; 4.49                     ;
; No clock domain                                                                              ; 0.00                  ; 11.08                    ;
+----------------------------------------------------------------------------------------------+-----------------------+--------------------------+


+------------------------------------------------------------------------------------------------------------------------------------+
; Current Drawn from Voltage Supplies Summary                                                                                        ;
+----------------+-------------------------+---------------------------+--------------------------+----------------------------------+
; Voltage Supply ; Total Current Drawn (1) ; Dynamic Current Drawn (1) ; Static Current Drawn (1) ; Minimum Power Supply Current (2) ;
+----------------+-------------------------+---------------------------+--------------------------+----------------------------------+
; VCC            ; 93.23 mA                ; 42.97 mA                  ; 50.26 mA                 ; 93.23 mA                         ;
; VCCIO          ; 1.76 mA                 ; 0.77 mA                   ; 0.99 mA                  ; 1.76 mA                          ;
; VCCPD          ; 2.91 mA                 ; 0.46 mA                   ; 2.44 mA                  ; 2.91 mA                          ;
; VCCA_FPLL      ; 7.39 mA                 ; 3.88 mA                   ; 3.50 mA                  ; 7.39 mA                          ;
; VCCPGM         ; 0.33 mA                 ; 0.00 mA                   ; 0.33 mA                  ; 0.33 mA                          ;
; VCCBAT         ; 0.00 mA                 ; 0.00 mA                   ; 0.00 mA                  ; 0.00 mA                          ;
; VCCE_GXB       ; 0.00 mA                 ; 0.00 mA                   ; 0.00 mA                  ; 0.00 mA                          ;
; VCCL_GXB       ; 0.00 mA                 ; 0.00 mA                   ; 0.00 mA                  ; 0.00 mA                          ;
; VCCH_GXB       ; 0.00 mA                 ; 0.00 mA                   ; 0.00 mA                  ; 0.00 mA                          ;
; VCCAUX         ; 87.03 mA                ; 0.00 mA                   ; 87.03 mA                 ; 87.03 mA                         ;
; VCC_HPS        ; 9.56 mA                 ; 0.00 mA                   ; 9.56 mA                  ; 9.56 mA                          ;
; VCCIO_HPS      ; 0.00 mA                 ; 0.00 mA                   ; 0.00 mA                  ; 0.00 mA                          ;
; VCCPD_HPS      ; 0.00 mA                 ; 0.00 mA                   ; 0.00 mA                  ; 0.00 mA                          ;
; VCCRSTCLK_HPS  ; 0.14 mA                 ; 0.00 mA                   ; 0.14 mA                  ; 0.14 mA                          ;
; VCCPLL_HPS     ; 0.66 mA                 ; 0.00 mA                   ; 0.66 mA                  ; 0.66 mA                          ;
; VCCAUX_SHARED  ; 48.75 mA                ; 0.00 mA                   ; 48.75 mA                 ; 48.75 mA                         ;
+----------------+-------------------------+---------------------------+--------------------------+----------------------------------+
(1) Currents reported in columns "Total Current Drawn", "Dynamic Current Drawn", and "Static Current Drawn" are sufficient for user operation of the device.  
(2) Currents reported in column "Minimum Power Supply Current" do not include transient power-up currents. For transient power-up currents, see the device family datasheet, errata sheet, and/or ES guidelines document, as appropriate. 


+-----------------------------------------------------------------------------------------------+
; VCCIO Supply Current Drawn by I/O Bank                                                        ;
+----------+---------------+---------------------+-----------------------+----------------------+
; I/O Bank ; VCCIO Voltage ; Total Current Drawn ; Dynamic Current Drawn ; Static Current Drawn ;
+----------+---------------+---------------------+-----------------------+----------------------+
; B2L      ; --            ; --                  ; --                    ; --                   ;
; B1L      ; --            ; --                  ; --                    ; --                   ;
; B0L      ; --            ; --                  ; --                    ; --                   ;
; 3A       ; 2.5V          ; 0.08 mA             ; 0.00 mA               ; 0.08 mA              ;
; 3B       ; 2.5V          ; 0.11 mA             ; 0.03 mA               ; 0.08 mA              ;
; 4A       ; 2.5V          ; 0.40 mA             ; 0.27 mA               ; 0.13 mA              ;
; 5A       ; 2.5V          ; 0.40 mA             ; 0.28 mA               ; 0.12 mA              ;
; 5B       ; 2.5V          ; 0.28 mA             ; 0.19 mA               ; 0.09 mA              ;
; 6B       ; 2.5V          ; 0.07 mA             ; 0.00 mA               ; 0.07 mA              ;
; 6A       ; 2.5V          ; 0.07 mA             ; 0.00 mA               ; 0.07 mA              ;
; 7A       ; 2.5V          ; 0.07 mA             ; 0.00 mA               ; 0.07 mA              ;
; 7B       ; 2.5V          ; 0.07 mA             ; 0.00 mA               ; 0.07 mA              ;
; 7C       ; 2.5V          ; 0.07 mA             ; 0.00 mA               ; 0.07 mA              ;
; 7D       ; 2.5V          ; 0.07 mA             ; 0.00 mA               ; 0.07 mA              ;
; 8A       ; 2.5V          ; 0.07 mA             ; 0.00 mA               ; 0.07 mA              ;
; 9A       ; --            ; --                  ; --                    ; --                   ;
+----------+---------------+---------------------+-----------------------+----------------------+


+-----------------------------------------------------------------------------------------------------------------------------------+
; VCCIO Supply Current Drawn by Voltage                                                                                             ;
+---------------+-------------------------+---------------------------+--------------------------+----------------------------------+
; VCCIO Voltage ; Total Current Drawn (1) ; Dynamic Current Drawn (1) ; Static Current Drawn (1) ; Minimum Power Supply Current (2) ;
+---------------+-------------------------+---------------------------+--------------------------+----------------------------------+
; 2.5V          ; 1.76 mA                 ; 0.77 mA                   ; 0.99 mA                  ; 1.76 mA                          ;
+---------------+-------------------------+---------------------------+--------------------------+----------------------------------+
(1) Currents reported in columns "Total Current Drawn", "Dynamic Current Drawn", and "Static Current Drawn" are sufficient for user operation of the device.  
(2) Currents reported in column "Minimum Power Supply Current" do not include transient power-up currents. For transient power-up currents, see the device family datasheet, errata sheet, and/or ES guidelines document, as appropriate. 


+-----------------------------------------------------------------------------------------------+
; VCCPD Supply Current Drawn by I/O Bank                                                        ;
+----------+---------------+---------------------+-----------------------+----------------------+
; I/O Bank ; VCCPD Voltage ; Total Current Drawn ; Dynamic Current Drawn ; Static Current Drawn ;
+----------+---------------+---------------------+-----------------------+----------------------+
; B2L      ; --            ; --                  ; --                    ; --                   ;
; B1L      ; --            ; --                  ; --                    ; --                   ;
; B0L      ; --            ; --                  ; --                    ; --                   ;
; 3A       ; 2.5V          ; 0.20 mA             ; 0.00 mA               ; 0.20 mA              ;
; 3B       ; 2.5V          ; 0.21 mA             ; 0.01 mA               ; 0.20 mA              ;
; 4A       ; 2.5V          ; 0.40 mA             ; 0.17 mA               ; 0.23 mA              ;
; 5A       ; 2.5V          ; 0.40 mA             ; 0.17 mA               ; 0.23 mA              ;
; 5B       ; 2.5V          ; 0.33 mA             ; 0.12 mA               ; 0.21 mA              ;
; 6B       ; 2.5V          ; 0.20 mA             ; 0.00 mA               ; 0.20 mA              ;
; 6A       ; 2.5V          ; 0.20 mA             ; 0.00 mA               ; 0.20 mA              ;
; 7A       ; 2.5V          ; 0.20 mA             ; 0.00 mA               ; 0.20 mA              ;
; 7B       ; 2.5V          ; 0.20 mA             ; 0.00 mA               ; 0.20 mA              ;
; 7C       ; 2.5V          ; 0.20 mA             ; 0.00 mA               ; 0.20 mA              ;
; 7D       ; 2.5V          ; 0.20 mA             ; 0.00 mA               ; 0.20 mA              ;
; 8A       ; 2.5V          ; 0.20 mA             ; 0.00 mA               ; 0.20 mA              ;
; 9A       ; --            ; --                  ; --                    ; --                   ;
+----------+---------------+---------------------+-----------------------+----------------------+


+-----------------------------------------------------------------------------------------------------------------------------------+
; VCCPD Supply Current Drawn by Voltage                                                                                             ;
+---------------+-------------------------+---------------------------+--------------------------+----------------------------------+
; VCCPD Voltage ; Total Current Drawn (1) ; Dynamic Current Drawn (1) ; Static Current Drawn (1) ; Minimum Power Supply Current (2) ;
+---------------+-------------------------+---------------------------+--------------------------+----------------------------------+
; 2.5V          ; 2.91 mA                 ; 0.46 mA                   ; 2.44 mA                  ; 2.91 mA                          ;
+---------------+-------------------------+---------------------------+--------------------------+----------------------------------+
(1) Currents reported in columns "Total Current Drawn", "Dynamic Current Drawn", and "Static Current Drawn" are sufficient for user operation of the device.  
(2) Currents reported in column "Minimum Power Supply Current" do not include transient power-up currents. For transient power-up currents, see the device family datasheet, errata sheet, and/or ES guidelines document, as appropriate. 


+----------------------------------------------------------------------------------------------------------------------------------------------------+
; Confidence Metric Details                                                                                                                          ;
+----------------------------------------------------------------------------------------+--------------+------------+---------------+---------------+
; Data Source                                                                            ; Total        ; Pin        ; Registered    ; Combinational ;
+----------------------------------------------------------------------------------------+--------------+------------+---------------+---------------+
; Simulation (from file)                                                                 ;              ;            ;               ;               ;
;     -- Number of signals with Toggle Rate from Simulation                              ; 0 (0.0%)     ; 0 (0.0%)   ; 0 (0.0%)      ; 0 (0.0%)      ;
;     -- Number of signals with Static Probability from Simulation                       ; 0 (0.0%)     ; 0 (0.0%)   ; 0 (0.0%)      ; 0 (0.0%)      ;
;                                                                                        ;              ;            ;               ;               ;
; Node, entity or clock assignment                                                       ;              ;            ;               ;               ;
;     -- Number of signals with Toggle Rate from Node, entity or clock assignment        ; 10 (0.1%)    ; 1 (1.0%)   ; 0 (0.0%)      ; 9 (0.1%)      ;
;     -- Number of signals with Static Probability from Node, entity or clock assignment ; 11 (0.1%)    ; 1 (1.0%)   ; 0 (0.0%)      ; 10 (0.1%)     ;
;                                                                                        ;              ;            ;               ;               ;
; Vectorless estimation                                                                  ;              ;            ;               ;               ;
;     -- Number of signals with Toggle Rate from Vectorless estimation                   ; 9406 (99.7%) ; 85 (85.9%) ; 1135 (100.0%) ; 8186 (99.8%)  ;
;     -- Number of signals with Zero toggle rate, from Vectorless estimation             ; 612 (6.5%)   ; 17 (17.2%) ; 4 (0.4%)      ; 591 (7.2%)    ;
;     -- Number of signals with Static Probability from Vectorless estimation            ; 9405 (99.7%) ; 85 (85.9%) ; 1135 (100.0%) ; 8185 (99.8%)  ;
;                                                                                        ;              ;            ;               ;               ;
; Default assignment                                                                     ;              ;            ;               ;               ;
;     -- Number of signals with Toggle Rate from Default assignment                      ; 7 (0.1%)     ; 0 (0.0%)   ; 0 (0.0%)      ; 7 (0.1%)      ;
;     -- Number of signals with Static Probability from Default assignment               ; 20 (0.2%)    ; 13 (13.1%) ; 0 (0.0%)      ; 7 (0.1%)      ;
;                                                                                        ;              ;            ;               ;               ;
; Assumed 0                                                                              ;              ;            ;               ;               ;
;     -- Number of signals with Toggle Rate assumed 0                                    ; 13 (0.1%)    ; 13 (13.1%) ; 0 (0.0%)      ; 0 (0.0%)      ;
+----------------------------------------------------------------------------------------+--------------+------------+---------------+---------------+


+---------------------------------------------------------------------------------------------------------------------------------------------+
; Signal Activities                                                                                                                           ;
+--------+------+---------------------------------------------+-------------------------+--------------------+--------------------------------+
; Signal ; Type ; Toggle Rate (millions of transitions / sec) ; Toggle Rate Data Source ; Static Probability ; Static Probability Data Source ;
+--------+------+---------------------------------------------+-------------------------+--------------------+--------------------------------+
(1) The "Signal Activity" Table has been hidden. To show this table, please select the "Write signal activities to report file" option under "PowerPlay Power Analyzer Settings".


+-------------------------+
; Power Analyzer Messages ;
+-------------------------+
Info: *******************************************************************
Info: Running Quartus Prime Power Analyzer
    Info: Version 17.1.0 Build 590 10/25/2017 SJ Lite Edition
    Info: Processing started: Wed May 10 18:45:46 2023
Info: Command: quartus_pow --read_settings_files=on --write_settings_files=off coherent_average_tb -c coherent_average_tb
Warning (20013): Ignored 24 assignments for entity "ADC_DAC_test" -- entity does not exist in design
    Warning (20014): Assignment for entity set_instance_assignment -name PARTITION_HIERARCHY root_partition -to | -entity ADC_DAC_test -section_id Top was ignored
    Warning (20014): Assignment for entity set_global_assignment -name PARTITION_NETLIST_TYPE SOURCE -entity ADC_DAC_test -section_id Top was ignored
    Warning (20014): Assignment for entity set_global_assignment -name PARTITION_FITTER_PRESERVATION_LEVEL PLACEMENT_AND_ROUTING -entity ADC_DAC_test -section_id Top was ignored
    Warning (20014): Assignment for entity set_global_assignment -name PARTITION_PRESERVE_HIGH_SPEED_TILES ON -entity ADC_DAC_test -section_id Top was ignored
    Warning (20014): Assignment for entity set_global_assignment -name PARTITION_IGNORE_SOURCE_FILE_CHANGES OFF -entity ADC_DAC_test -section_id Top was ignored
    Warning (20014): Assignment for entity set_global_assignment -name PARTITION_ALWAYS_USE_QXP_NETLIST OFF -entity ADC_DAC_test -section_id Top was ignored
    Warning (20014): Assignment for entity set_global_assignment -name PARTITION_COLOR 16764057 -entity ADC_DAC_test -section_id Top was ignored
    Warning (20014): Assignment for entity set_global_assignment -name PARTITION_IMPORT_ASSIGNMENTS ON -entity ADC_DAC_test -section_id Top was ignored
    Warning (20014): Assignment for entity set_global_assignment -name PARTITION_IMPORT_EXISTING_ASSIGNMENTS REPLACE_CONFLICTING -entity ADC_DAC_test -section_id Top was ignored
    Warning (20014): Assignment for entity set_global_assignment -name PARTITION_IMPORT_EXISTING_LOGICLOCK_REGIONS UPDATE_CONFLICTING -entity ADC_DAC_test -section_id Top was ignored
    Warning (20014): Assignment for entity set_global_assignment -name PARTITION_IMPORT_PIN_ASSIGNMENTS ON -entity ADC_DAC_test -section_id Top was ignored
    Warning (20014): Assignment for entity set_global_assignment -name PARTITION_IMPORT_PROMOTE_ASSIGNMENTS ON -entity ADC_DAC_test -section_id Top was ignored
    Warning (20014): Assignment for entity set_global_assignment -name PARTITION_TYPE STANDARD_PARTITION -entity ADC_DAC_test -section_id Top was ignored
    Warning (20014): Assignment for entity set_global_assignment -name ALLOW_MULTIPLE_PERSONAS OFF -entity ADC_DAC_test -section_id Top was ignored
    Warning (20014): Assignment for entity set_global_assignment -name PARTITION_ASD_REGION_ID 1 -entity ADC_DAC_test -section_id Top was ignored
    Warning (20014): Assignment for entity set_global_assignment -name CROSS_BOUNDARY_OPTIMIZATIONS OFF -entity ADC_DAC_test -section_id Top was ignored
    Warning (20014): Assignment for entity set_global_assignment -name PROPAGATE_CONSTANTS_ON_INPUTS ON -entity ADC_DAC_test -section_id Top was ignored
    Warning (20014): Assignment for entity set_global_assignment -name PROPAGATE_INVERSIONS_ON_INPUTS ON -entity ADC_DAC_test -section_id Top was ignored
    Warning (20014): Assignment for entity set_global_assignment -name REMOVE_LOGIC_ON_UNCONNECTED_OUTPUTS ON -entity ADC_DAC_test -section_id Top was ignored
    Warning (20014): Assignment for entity set_global_assignment -name MERGE_EQUIVALENT_INPUTS ON -entity ADC_DAC_test -section_id Top was ignored
    Warning (20014): Assignment for entity set_global_assignment -name MERGE_EQUIVALENT_BIDIRS ON -entity ADC_DAC_test -section_id Top was ignored
    Warning (20014): Assignment for entity set_global_assignment -name ABSORB_PATHS_FROM_OUTPUTS_TO_INPUTS ON -entity ADC_DAC_test -section_id Top was ignored
    Warning (20014): Assignment for entity set_global_assignment -name PARTITION_EXTRACT_HARD_BLOCK_NODES ON -entity ADC_DAC_test -section_id Top was ignored
    Warning (20014): Assignment for entity set_global_assignment -name PARTITION_ENABLE_STRICT_PRESERVATION OFF -entity ADC_DAC_test -section_id Top was ignored
Warning (20013): Ignored 24 assignments for entity "DE1_SOC_ADA" -- entity does not exist in design
    Warning (20014): Assignment for entity set_instance_assignment -name PARTITION_HIERARCHY root_partition -to | -entity DE1_SOC_ADA -section_id Top was ignored
    Warning (20014): Assignment for entity set_global_assignment -name PARTITION_NETLIST_TYPE SOURCE -entity DE1_SOC_ADA -section_id Top was ignored
    Warning (20014): Assignment for entity set_global_assignment -name PARTITION_FITTER_PRESERVATION_LEVEL PLACEMENT_AND_ROUTING -entity DE1_SOC_ADA -section_id Top was ignored
    Warning (20014): Assignment for entity set_global_assignment -name PARTITION_PRESERVE_HIGH_SPEED_TILES ON -entity DE1_SOC_ADA -section_id Top was ignored
    Warning (20014): Assignment for entity set_global_assignment -name PARTITION_IGNORE_SOURCE_FILE_CHANGES OFF -entity DE1_SOC_ADA -section_id Top was ignored
    Warning (20014): Assignment for entity set_global_assignment -name PARTITION_ALWAYS_USE_QXP_NETLIST OFF -entity DE1_SOC_ADA -section_id Top was ignored
    Warning (20014): Assignment for entity set_global_assignment -name PARTITION_COLOR 16764057 -entity DE1_SOC_ADA -section_id Top was ignored
    Warning (20014): Assignment for entity set_global_assignment -name PARTITION_IMPORT_ASSIGNMENTS ON -entity DE1_SOC_ADA -section_id Top was ignored
    Warning (20014): Assignment for entity set_global_assignment -name PARTITION_IMPORT_EXISTING_ASSIGNMENTS REPLACE_CONFLICTING -entity DE1_SOC_ADA -section_id Top was ignored
    Warning (20014): Assignment for entity set_global_assignment -name PARTITION_IMPORT_EXISTING_LOGICLOCK_REGIONS UPDATE_CONFLICTING -entity DE1_SOC_ADA -section_id Top was ignored
    Warning (20014): Assignment for entity set_global_assignment -name PARTITION_IMPORT_PIN_ASSIGNMENTS ON -entity DE1_SOC_ADA -section_id Top was ignored
    Warning (20014): Assignment for entity set_global_assignment -name PARTITION_IMPORT_PROMOTE_ASSIGNMENTS ON -entity DE1_SOC_ADA -section_id Top was ignored
    Warning (20014): Assignment for entity set_global_assignment -name PARTITION_TYPE STANDARD_PARTITION -entity DE1_SOC_ADA -section_id Top was ignored
    Warning (20014): Assignment for entity set_global_assignment -name ALLOW_MULTIPLE_PERSONAS OFF -entity DE1_SOC_ADA -section_id Top was ignored
    Warning (20014): Assignment for entity set_global_assignment -name PARTITION_ASD_REGION_ID 1 -entity DE1_SOC_ADA -section_id Top was ignored
    Warning (20014): Assignment for entity set_global_assignment -name CROSS_BOUNDARY_OPTIMIZATIONS OFF -entity DE1_SOC_ADA -section_id Top was ignored
    Warning (20014): Assignment for entity set_global_assignment -name PROPAGATE_CONSTANTS_ON_INPUTS ON -entity DE1_SOC_ADA -section_id Top was ignored
    Warning (20014): Assignment for entity set_global_assignment -name PROPAGATE_INVERSIONS_ON_INPUTS ON -entity DE1_SOC_ADA -section_id Top was ignored
    Warning (20014): Assignment for entity set_global_assignment -name REMOVE_LOGIC_ON_UNCONNECTED_OUTPUTS ON -entity DE1_SOC_ADA -section_id Top was ignored
    Warning (20014): Assignment for entity set_global_assignment -name MERGE_EQUIVALENT_INPUTS ON -entity DE1_SOC_ADA -section_id Top was ignored
    Warning (20014): Assignment for entity set_global_assignment -name MERGE_EQUIVALENT_BIDIRS ON -entity DE1_SOC_ADA -section_id Top was ignored
    Warning (20014): Assignment for entity set_global_assignment -name ABSORB_PATHS_FROM_OUTPUTS_TO_INPUTS ON -entity DE1_SOC_ADA -section_id Top was ignored
    Warning (20014): Assignment for entity set_global_assignment -name PARTITION_EXTRACT_HARD_BLOCK_NODES ON -entity DE1_SOC_ADA -section_id Top was ignored
    Warning (20014): Assignment for entity set_global_assignment -name PARTITION_ENABLE_STRICT_PRESERVATION OFF -entity DE1_SOC_ADA -section_id Top was ignored
Warning (20013): Ignored 24 assignments for entity "Lock_In" -- entity does not exist in design
    Warning (20014): Assignment for entity set_instance_assignment -name PARTITION_HIERARCHY root_partition -to | -entity Lock_In -section_id Top was ignored
    Warning (20014): Assignment for entity set_global_assignment -name PARTITION_NETLIST_TYPE SOURCE -entity Lock_In -section_id Top was ignored
    Warning (20014): Assignment for entity set_global_assignment -name PARTITION_FITTER_PRESERVATION_LEVEL PLACEMENT_AND_ROUTING -entity Lock_In -section_id Top was ignored
    Warning (20014): Assignment for entity set_global_assignment -name PARTITION_PRESERVE_HIGH_SPEED_TILES ON -entity Lock_In -section_id Top was ignored
    Warning (20014): Assignment for entity set_global_assignment -name PARTITION_IGNORE_SOURCE_FILE_CHANGES OFF -entity Lock_In -section_id Top was ignored
    Warning (20014): Assignment for entity set_global_assignment -name PARTITION_ALWAYS_USE_QXP_NETLIST OFF -entity Lock_In -section_id Top was ignored
    Warning (20014): Assignment for entity set_global_assignment -name PARTITION_COLOR 16764057 -entity Lock_In -section_id Top was ignored
    Warning (20014): Assignment for entity set_global_assignment -name PARTITION_IMPORT_ASSIGNMENTS ON -entity Lock_In -section_id Top was ignored
    Warning (20014): Assignment for entity set_global_assignment -name PARTITION_IMPORT_EXISTING_ASSIGNMENTS REPLACE_CONFLICTING -entity Lock_In -section_id Top was ignored
    Warning (20014): Assignment for entity set_global_assignment -name PARTITION_IMPORT_EXISTING_LOGICLOCK_REGIONS UPDATE_CONFLICTING -entity Lock_In -section_id Top was ignored
    Warning (20014): Assignment for entity set_global_assignment -name PARTITION_IMPORT_PIN_ASSIGNMENTS ON -entity Lock_In -section_id Top was ignored
    Warning (20014): Assignment for entity set_global_assignment -name PARTITION_IMPORT_PROMOTE_ASSIGNMENTS ON -entity Lock_In -section_id Top was ignored
    Warning (20014): Assignment for entity set_global_assignment -name PARTITION_TYPE STANDARD_PARTITION -entity Lock_In -section_id Top was ignored
    Warning (20014): Assignment for entity set_global_assignment -name ALLOW_MULTIPLE_PERSONAS OFF -entity Lock_In -section_id Top was ignored
    Warning (20014): Assignment for entity set_global_assignment -name PARTITION_ASD_REGION_ID 1 -entity Lock_In -section_id Top was ignored
    Warning (20014): Assignment for entity set_global_assignment -name CROSS_BOUNDARY_OPTIMIZATIONS OFF -entity Lock_In -section_id Top was ignored
    Warning (20014): Assignment for entity set_global_assignment -name PROPAGATE_CONSTANTS_ON_INPUTS ON -entity Lock_In -section_id Top was ignored
    Warning (20014): Assignment for entity set_global_assignment -name PROPAGATE_INVERSIONS_ON_INPUTS ON -entity Lock_In -section_id Top was ignored
    Warning (20014): Assignment for entity set_global_assignment -name REMOVE_LOGIC_ON_UNCONNECTED_OUTPUTS ON -entity Lock_In -section_id Top was ignored
    Warning (20014): Assignment for entity set_global_assignment -name MERGE_EQUIVALENT_INPUTS ON -entity Lock_In -section_id Top was ignored
    Warning (20014): Assignment for entity set_global_assignment -name MERGE_EQUIVALENT_BIDIRS ON -entity Lock_In -section_id Top was ignored
    Warning (20014): Assignment for entity set_global_assignment -name ABSORB_PATHS_FROM_OUTPUTS_TO_INPUTS ON -entity Lock_In -section_id Top was ignored
    Warning (20014): Assignment for entity set_global_assignment -name PARTITION_EXTRACT_HARD_BLOCK_NODES ON -entity Lock_In -section_id Top was ignored
    Warning (20014): Assignment for entity set_global_assignment -name PARTITION_ENABLE_STRICT_PRESERVATION OFF -entity Lock_In -section_id Top was ignored
Warning (20013): Ignored 24 assignments for entity "SSVEP_ADC_BL" -- entity does not exist in design
    Warning (20014): Assignment for entity set_instance_assignment -name PARTITION_HIERARCHY root_partition -to | -entity SSVEP_ADC_BL -section_id Top was ignored
    Warning (20014): Assignment for entity set_global_assignment -name PARTITION_NETLIST_TYPE SOURCE -entity SSVEP_ADC_BL -section_id Top was ignored
    Warning (20014): Assignment for entity set_global_assignment -name PARTITION_FITTER_PRESERVATION_LEVEL PLACEMENT_AND_ROUTING -entity SSVEP_ADC_BL -section_id Top was ignored
    Warning (20014): Assignment for entity set_global_assignment -name PARTITION_PRESERVE_HIGH_SPEED_TILES ON -entity SSVEP_ADC_BL -section_id Top was ignored
    Warning (20014): Assignment for entity set_global_assignment -name PARTITION_IGNORE_SOURCE_FILE_CHANGES OFF -entity SSVEP_ADC_BL -section_id Top was ignored
    Warning (20014): Assignment for entity set_global_assignment -name PARTITION_ALWAYS_USE_QXP_NETLIST OFF -entity SSVEP_ADC_BL -section_id Top was ignored
    Warning (20014): Assignment for entity set_global_assignment -name PARTITION_COLOR 16764057 -entity SSVEP_ADC_BL -section_id Top was ignored
    Warning (20014): Assignment for entity set_global_assignment -name PARTITION_IMPORT_ASSIGNMENTS ON -entity SSVEP_ADC_BL -section_id Top was ignored
    Warning (20014): Assignment for entity set_global_assignment -name PARTITION_IMPORT_EXISTING_ASSIGNMENTS REPLACE_CONFLICTING -entity SSVEP_ADC_BL -section_id Top was ignored
    Warning (20014): Assignment for entity set_global_assignment -name PARTITION_IMPORT_EXISTING_LOGICLOCK_REGIONS UPDATE_CONFLICTING -entity SSVEP_ADC_BL -section_id Top was ignored
    Warning (20014): Assignment for entity set_global_assignment -name PARTITION_IMPORT_PIN_ASSIGNMENTS ON -entity SSVEP_ADC_BL -section_id Top was ignored
    Warning (20014): Assignment for entity set_global_assignment -name PARTITION_IMPORT_PROMOTE_ASSIGNMENTS ON -entity SSVEP_ADC_BL -section_id Top was ignored
    Warning (20014): Assignment for entity set_global_assignment -name PARTITION_TYPE STANDARD_PARTITION -entity SSVEP_ADC_BL -section_id Top was ignored
    Warning (20014): Assignment for entity set_global_assignment -name ALLOW_MULTIPLE_PERSONAS OFF -entity SSVEP_ADC_BL -section_id Top was ignored
    Warning (20014): Assignment for entity set_global_assignment -name PARTITION_ASD_REGION_ID 1 -entity SSVEP_ADC_BL -section_id Top was ignored
    Warning (20014): Assignment for entity set_global_assignment -name CROSS_BOUNDARY_OPTIMIZATIONS OFF -entity SSVEP_ADC_BL -section_id Top was ignored
    Warning (20014): Assignment for entity set_global_assignment -name PROPAGATE_CONSTANTS_ON_INPUTS ON -entity SSVEP_ADC_BL -section_id Top was ignored
    Warning (20014): Assignment for entity set_global_assignment -name PROPAGATE_INVERSIONS_ON_INPUTS ON -entity SSVEP_ADC_BL -section_id Top was ignored
    Warning (20014): Assignment for entity set_global_assignment -name REMOVE_LOGIC_ON_UNCONNECTED_OUTPUTS ON -entity SSVEP_ADC_BL -section_id Top was ignored
    Warning (20014): Assignment for entity set_global_assignment -name MERGE_EQUIVALENT_INPUTS ON -entity SSVEP_ADC_BL -section_id Top was ignored
    Warning (20014): Assignment for entity set_global_assignment -name MERGE_EQUIVALENT_BIDIRS ON -entity SSVEP_ADC_BL -section_id Top was ignored
    Warning (20014): Assignment for entity set_global_assignment -name ABSORB_PATHS_FROM_OUTPUTS_TO_INPUTS ON -entity SSVEP_ADC_BL -section_id Top was ignored
    Warning (20014): Assignment for entity set_global_assignment -name PARTITION_EXTRACT_HARD_BLOCK_NODES ON -entity SSVEP_ADC_BL -section_id Top was ignored
    Warning (20014): Assignment for entity set_global_assignment -name PARTITION_ENABLE_STRICT_PRESERVATION OFF -entity SSVEP_ADC_BL -section_id Top was ignored
Warning (20013): Ignored 24 assignments for entity "embedded_adc_test" -- entity does not exist in design
    Warning (20014): Assignment for entity set_instance_assignment -name PARTITION_HIERARCHY root_partition -to | -entity embedded_adc_test -section_id Top was ignored
    Warning (20014): Assignment for entity set_global_assignment -name PARTITION_NETLIST_TYPE SOURCE -entity embedded_adc_test -section_id Top was ignored
    Warning (20014): Assignment for entity set_global_assignment -name PARTITION_FITTER_PRESERVATION_LEVEL PLACEMENT_AND_ROUTING -entity embedded_adc_test -section_id Top was ignored
    Warning (20014): Assignment for entity set_global_assignment -name PARTITION_PRESERVE_HIGH_SPEED_TILES ON -entity embedded_adc_test -section_id Top was ignored
    Warning (20014): Assignment for entity set_global_assignment -name PARTITION_IGNORE_SOURCE_FILE_CHANGES OFF -entity embedded_adc_test -section_id Top was ignored
    Warning (20014): Assignment for entity set_global_assignment -name PARTITION_ALWAYS_USE_QXP_NETLIST OFF -entity embedded_adc_test -section_id Top was ignored
    Warning (20014): Assignment for entity set_global_assignment -name PARTITION_COLOR 16764057 -entity embedded_adc_test -section_id Top was ignored
    Warning (20014): Assignment for entity set_global_assignment -name PARTITION_IMPORT_ASSIGNMENTS ON -entity embedded_adc_test -section_id Top was ignored
    Warning (20014): Assignment for entity set_global_assignment -name PARTITION_IMPORT_EXISTING_ASSIGNMENTS REPLACE_CONFLICTING -entity embedded_adc_test -section_id Top was ignored
    Warning (20014): Assignment for entity set_global_assignment -name PARTITION_IMPORT_EXISTING_LOGICLOCK_REGIONS UPDATE_CONFLICTING -entity embedded_adc_test -section_id Top was ignored
    Warning (20014): Assignment for entity set_global_assignment -name PARTITION_IMPORT_PIN_ASSIGNMENTS ON -entity embedded_adc_test -section_id Top was ignored
    Warning (20014): Assignment for entity set_global_assignment -name PARTITION_IMPORT_PROMOTE_ASSIGNMENTS ON -entity embedded_adc_test -section_id Top was ignored
    Warning (20014): Assignment for entity set_global_assignment -name PARTITION_TYPE STANDARD_PARTITION -entity embedded_adc_test -section_id Top was ignored
    Warning (20014): Assignment for entity set_global_assignment -name ALLOW_MULTIPLE_PERSONAS OFF -entity embedded_adc_test -section_id Top was ignored
    Warning (20014): Assignment for entity set_global_assignment -name PARTITION_ASD_REGION_ID 1 -entity embedded_adc_test -section_id Top was ignored
    Warning (20014): Assignment for entity set_global_assignment -name CROSS_BOUNDARY_OPTIMIZATIONS OFF -entity embedded_adc_test -section_id Top was ignored
    Warning (20014): Assignment for entity set_global_assignment -name PROPAGATE_CONSTANTS_ON_INPUTS ON -entity embedded_adc_test -section_id Top was ignored
    Warning (20014): Assignment for entity set_global_assignment -name PROPAGATE_INVERSIONS_ON_INPUTS ON -entity embedded_adc_test -section_id Top was ignored
    Warning (20014): Assignment for entity set_global_assignment -name REMOVE_LOGIC_ON_UNCONNECTED_OUTPUTS ON -entity embedded_adc_test -section_id Top was ignored
    Warning (20014): Assignment for entity set_global_assignment -name MERGE_EQUIVALENT_INPUTS ON -entity embedded_adc_test -section_id Top was ignored
    Warning (20014): Assignment for entity set_global_assignment -name MERGE_EQUIVALENT_BIDIRS ON -entity embedded_adc_test -section_id Top was ignored
    Warning (20014): Assignment for entity set_global_assignment -name ABSORB_PATHS_FROM_OUTPUTS_TO_INPUTS ON -entity embedded_adc_test -section_id Top was ignored
    Warning (20014): Assignment for entity set_global_assignment -name PARTITION_EXTRACT_HARD_BLOCK_NODES ON -entity embedded_adc_test -section_id Top was ignored
    Warning (20014): Assignment for entity set_global_assignment -name PARTITION_ENABLE_STRICT_PRESERVATION OFF -entity embedded_adc_test -section_id Top was ignored
Warning (20013): Ignored 24 assignments for entity "func_generator" -- entity does not exist in design
    Warning (20014): Assignment for entity set_instance_assignment -name PARTITION_HIERARCHY root_partition -to | -entity func_generator -section_id Top was ignored
    Warning (20014): Assignment for entity set_global_assignment -name PARTITION_NETLIST_TYPE SOURCE -entity func_generator -section_id Top was ignored
    Warning (20014): Assignment for entity set_global_assignment -name PARTITION_FITTER_PRESERVATION_LEVEL PLACEMENT_AND_ROUTING -entity func_generator -section_id Top was ignored
    Warning (20014): Assignment for entity set_global_assignment -name PARTITION_PRESERVE_HIGH_SPEED_TILES ON -entity func_generator -section_id Top was ignored
    Warning (20014): Assignment for entity set_global_assignment -name PARTITION_IGNORE_SOURCE_FILE_CHANGES OFF -entity func_generator -section_id Top was ignored
    Warning (20014): Assignment for entity set_global_assignment -name PARTITION_ALWAYS_USE_QXP_NETLIST OFF -entity func_generator -section_id Top was ignored
    Warning (20014): Assignment for entity set_global_assignment -name PARTITION_COLOR 16764057 -entity func_generator -section_id Top was ignored
    Warning (20014): Assignment for entity set_global_assignment -name PARTITION_IMPORT_ASSIGNMENTS ON -entity func_generator -section_id Top was ignored
    Warning (20014): Assignment for entity set_global_assignment -name PARTITION_IMPORT_EXISTING_ASSIGNMENTS REPLACE_CONFLICTING -entity func_generator -section_id Top was ignored
    Warning (20014): Assignment for entity set_global_assignment -name PARTITION_IMPORT_EXISTING_LOGICLOCK_REGIONS UPDATE_CONFLICTING -entity func_generator -section_id Top was ignored
    Warning (20014): Assignment for entity set_global_assignment -name PARTITION_IMPORT_PIN_ASSIGNMENTS ON -entity func_generator -section_id Top was ignored
    Warning (20014): Assignment for entity set_global_assignment -name PARTITION_IMPORT_PROMOTE_ASSIGNMENTS ON -entity func_generator -section_id Top was ignored
    Warning (20014): Assignment for entity set_global_assignment -name PARTITION_TYPE STANDARD_PARTITION -entity func_generator -section_id Top was ignored
    Warning (20014): Assignment for entity set_global_assignment -name ALLOW_MULTIPLE_PERSONAS OFF -entity func_generator -section_id Top was ignored
    Warning (20014): Assignment for entity set_global_assignment -name PARTITION_ASD_REGION_ID 1 -entity func_generator -section_id Top was ignored
    Warning (20014): Assignment for entity set_global_assignment -name CROSS_BOUNDARY_OPTIMIZATIONS OFF -entity func_generator -section_id Top was ignored
    Warning (20014): Assignment for entity set_global_assignment -name PROPAGATE_CONSTANTS_ON_INPUTS ON -entity func_generator -section_id Top was ignored
    Warning (20014): Assignment for entity set_global_assignment -name PROPAGATE_INVERSIONS_ON_INPUTS ON -entity func_generator -section_id Top was ignored
    Warning (20014): Assignment for entity set_global_assignment -name REMOVE_LOGIC_ON_UNCONNECTED_OUTPUTS ON -entity func_generator -section_id Top was ignored
    Warning (20014): Assignment for entity set_global_assignment -name MERGE_EQUIVALENT_INPUTS ON -entity func_generator -section_id Top was ignored
    Warning (20014): Assignment for entity set_global_assignment -name MERGE_EQUIVALENT_BIDIRS ON -entity func_generator -section_id Top was ignored
    Warning (20014): Assignment for entity set_global_assignment -name ABSORB_PATHS_FROM_OUTPUTS_TO_INPUTS ON -entity func_generator -section_id Top was ignored
    Warning (20014): Assignment for entity set_global_assignment -name PARTITION_EXTRACT_HARD_BLOCK_NODES ON -entity func_generator -section_id Top was ignored
    Warning (20014): Assignment for entity set_global_assignment -name PARTITION_ENABLE_STRICT_PRESERVATION OFF -entity func_generator -section_id Top was ignored
Warning (20013): Ignored 24 assignments for entity "ghrd_top" -- entity does not exist in design
    Warning (20014): Assignment for entity set_instance_assignment -name PARTITION_HIERARCHY root_partition -to | -entity ghrd_top -section_id Top was ignored
    Warning (20014): Assignment for entity set_global_assignment -name PARTITION_NETLIST_TYPE SOURCE -entity ghrd_top -section_id Top was ignored
    Warning (20014): Assignment for entity set_global_assignment -name PARTITION_FITTER_PRESERVATION_LEVEL PLACEMENT_AND_ROUTING -entity ghrd_top -section_id Top was ignored
    Warning (20014): Assignment for entity set_global_assignment -name PARTITION_PRESERVE_HIGH_SPEED_TILES ON -entity ghrd_top -section_id Top was ignored
    Warning (20014): Assignment for entity set_global_assignment -name PARTITION_IGNORE_SOURCE_FILE_CHANGES OFF -entity ghrd_top -section_id Top was ignored
    Warning (20014): Assignment for entity set_global_assignment -name PARTITION_ALWAYS_USE_QXP_NETLIST OFF -entity ghrd_top -section_id Top was ignored
    Warning (20014): Assignment for entity set_global_assignment -name PARTITION_COLOR 16764057 -entity ghrd_top -section_id Top was ignored
    Warning (20014): Assignment for entity set_global_assignment -name PARTITION_IMPORT_ASSIGNMENTS ON -entity ghrd_top -section_id Top was ignored
    Warning (20014): Assignment for entity set_global_assignment -name PARTITION_IMPORT_EXISTING_ASSIGNMENTS REPLACE_CONFLICTING -entity ghrd_top -section_id Top was ignored
    Warning (20014): Assignment for entity set_global_assignment -name PARTITION_IMPORT_EXISTING_LOGICLOCK_REGIONS UPDATE_CONFLICTING -entity ghrd_top -section_id Top was ignored
    Warning (20014): Assignment for entity set_global_assignment -name PARTITION_IMPORT_PIN_ASSIGNMENTS ON -entity ghrd_top -section_id Top was ignored
    Warning (20014): Assignment for entity set_global_assignment -name PARTITION_IMPORT_PROMOTE_ASSIGNMENTS ON -entity ghrd_top -section_id Top was ignored
    Warning (20014): Assignment for entity set_global_assignment -name PARTITION_TYPE STANDARD_PARTITION -entity ghrd_top -section_id Top was ignored
    Warning (20014): Assignment for entity set_global_assignment -name ALLOW_MULTIPLE_PERSONAS OFF -entity ghrd_top -section_id Top was ignored
    Warning (20014): Assignment for entity set_global_assignment -name PARTITION_ASD_REGION_ID 1 -entity ghrd_top -section_id Top was ignored
    Warning (20014): Assignment for entity set_global_assignment -name CROSS_BOUNDARY_OPTIMIZATIONS OFF -entity ghrd_top -section_id Top was ignored
    Warning (20014): Assignment for entity set_global_assignment -name PROPAGATE_CONSTANTS_ON_INPUTS ON -entity ghrd_top -section_id Top was ignored
    Warning (20014): Assignment for entity set_global_assignment -name PROPAGATE_INVERSIONS_ON_INPUTS ON -entity ghrd_top -section_id Top was ignored
    Warning (20014): Assignment for entity set_global_assignment -name REMOVE_LOGIC_ON_UNCONNECTED_OUTPUTS ON -entity ghrd_top -section_id Top was ignored
    Warning (20014): Assignment for entity set_global_assignment -name MERGE_EQUIVALENT_INPUTS ON -entity ghrd_top -section_id Top was ignored
    Warning (20014): Assignment for entity set_global_assignment -name MERGE_EQUIVALENT_BIDIRS ON -entity ghrd_top -section_id Top was ignored
    Warning (20014): Assignment for entity set_global_assignment -name ABSORB_PATHS_FROM_OUTPUTS_TO_INPUTS ON -entity ghrd_top -section_id Top was ignored
    Warning (20014): Assignment for entity set_global_assignment -name PARTITION_EXTRACT_HARD_BLOCK_NODES ON -entity ghrd_top -section_id Top was ignored
    Warning (20014): Assignment for entity set_global_assignment -name PARTITION_ENABLE_STRICT_PRESERVATION OFF -entity ghrd_top -section_id Top was ignored
Warning (20013): Ignored 24 assignments for entity "signal_processing" -- entity does not exist in design
    Warning (20014): Assignment for entity set_instance_assignment -name PARTITION_HIERARCHY root_partition -to | -entity signal_processing -section_id Top was ignored
    Warning (20014): Assignment for entity set_global_assignment -name PARTITION_NETLIST_TYPE SOURCE -entity signal_processing -section_id Top was ignored
    Warning (20014): Assignment for entity set_global_assignment -name PARTITION_FITTER_PRESERVATION_LEVEL PLACEMENT_AND_ROUTING -entity signal_processing -section_id Top was ignored
    Warning (20014): Assignment for entity set_global_assignment -name PARTITION_PRESERVE_HIGH_SPEED_TILES ON -entity signal_processing -section_id Top was ignored
    Warning (20014): Assignment for entity set_global_assignment -name PARTITION_IGNORE_SOURCE_FILE_CHANGES OFF -entity signal_processing -section_id Top was ignored
    Warning (20014): Assignment for entity set_global_assignment -name PARTITION_ALWAYS_USE_QXP_NETLIST OFF -entity signal_processing -section_id Top was ignored
    Warning (20014): Assignment for entity set_global_assignment -name PARTITION_COLOR 16764057 -entity signal_processing -section_id Top was ignored
    Warning (20014): Assignment for entity set_global_assignment -name PARTITION_IMPORT_ASSIGNMENTS ON -entity signal_processing -section_id Top was ignored
    Warning (20014): Assignment for entity set_global_assignment -name PARTITION_IMPORT_EXISTING_ASSIGNMENTS REPLACE_CONFLICTING -entity signal_processing -section_id Top was ignored
    Warning (20014): Assignment for entity set_global_assignment -name PARTITION_IMPORT_EXISTING_LOGICLOCK_REGIONS UPDATE_CONFLICTING -entity signal_processing -section_id Top was ignored
    Warning (20014): Assignment for entity set_global_assignment -name PARTITION_IMPORT_PIN_ASSIGNMENTS ON -entity signal_processing -section_id Top was ignored
    Warning (20014): Assignment for entity set_global_assignment -name PARTITION_IMPORT_PROMOTE_ASSIGNMENTS ON -entity signal_processing -section_id Top was ignored
    Warning (20014): Assignment for entity set_global_assignment -name PARTITION_TYPE STANDARD_PARTITION -entity signal_processing -section_id Top was ignored
    Warning (20014): Assignment for entity set_global_assignment -name ALLOW_MULTIPLE_PERSONAS OFF -entity signal_processing -section_id Top was ignored
    Warning (20014): Assignment for entity set_global_assignment -name PARTITION_ASD_REGION_ID 1 -entity signal_processing -section_id Top was ignored
    Warning (20014): Assignment for entity set_global_assignment -name CROSS_BOUNDARY_OPTIMIZATIONS OFF -entity signal_processing -section_id Top was ignored
    Warning (20014): Assignment for entity set_global_assignment -name PROPAGATE_CONSTANTS_ON_INPUTS ON -entity signal_processing -section_id Top was ignored
    Warning (20014): Assignment for entity set_global_assignment -name PROPAGATE_INVERSIONS_ON_INPUTS ON -entity signal_processing -section_id Top was ignored
    Warning (20014): Assignment for entity set_global_assignment -name REMOVE_LOGIC_ON_UNCONNECTED_OUTPUTS ON -entity signal_processing -section_id Top was ignored
    Warning (20014): Assignment for entity set_global_assignment -name MERGE_EQUIVALENT_INPUTS ON -entity signal_processing -section_id Top was ignored
    Warning (20014): Assignment for entity set_global_assignment -name MERGE_EQUIVALENT_BIDIRS ON -entity signal_processing -section_id Top was ignored
    Warning (20014): Assignment for entity set_global_assignment -name ABSORB_PATHS_FROM_OUTPUTS_TO_INPUTS ON -entity signal_processing -section_id Top was ignored
    Warning (20014): Assignment for entity set_global_assignment -name PARTITION_EXTRACT_HARD_BLOCK_NODES ON -entity signal_processing -section_id Top was ignored
    Warning (20014): Assignment for entity set_global_assignment -name PARTITION_ENABLE_STRICT_PRESERVATION OFF -entity signal_processing -section_id Top was ignored
Warning (20013): Ignored 24 assignments for entity "signal_processing_template" -- entity does not exist in design
    Warning (20014): Assignment for entity set_instance_assignment -name PARTITION_HIERARCHY root_partition -to | -entity signal_processing_template -section_id Top was ignored
    Warning (20014): Assignment for entity set_global_assignment -name PARTITION_NETLIST_TYPE SOURCE -entity signal_processing_template -section_id Top was ignored
    Warning (20014): Assignment for entity set_global_assignment -name PARTITION_FITTER_PRESERVATION_LEVEL PLACEMENT_AND_ROUTING -entity signal_processing_template -section_id Top was ignored
    Warning (20014): Assignment for entity set_global_assignment -name PARTITION_PRESERVE_HIGH_SPEED_TILES ON -entity signal_processing_template -section_id Top was ignored
    Warning (20014): Assignment for entity set_global_assignment -name PARTITION_IGNORE_SOURCE_FILE_CHANGES OFF -entity signal_processing_template -section_id Top was ignored
    Warning (20014): Assignment for entity set_global_assignment -name PARTITION_ALWAYS_USE_QXP_NETLIST OFF -entity signal_processing_template -section_id Top was ignored
    Warning (20014): Assignment for entity set_global_assignment -name PARTITION_COLOR 16764057 -entity signal_processing_template -section_id Top was ignored
    Warning (20014): Assignment for entity set_global_assignment -name PARTITION_IMPORT_ASSIGNMENTS ON -entity signal_processing_template -section_id Top was ignored
    Warning (20014): Assignment for entity set_global_assignment -name PARTITION_IMPORT_EXISTING_ASSIGNMENTS REPLACE_CONFLICTING -entity signal_processing_template -section_id Top was ignored
    Warning (20014): Assignment for entity set_global_assignment -name PARTITION_IMPORT_EXISTING_LOGICLOCK_REGIONS UPDATE_CONFLICTING -entity signal_processing_template -section_id Top was ignored
    Warning (20014): Assignment for entity set_global_assignment -name PARTITION_IMPORT_PIN_ASSIGNMENTS ON -entity signal_processing_template -section_id Top was ignored
    Warning (20014): Assignment for entity set_global_assignment -name PARTITION_IMPORT_PROMOTE_ASSIGNMENTS ON -entity signal_processing_template -section_id Top was ignored
    Warning (20014): Assignment for entity set_global_assignment -name PARTITION_TYPE STANDARD_PARTITION -entity signal_processing_template -section_id Top was ignored
    Warning (20014): Assignment for entity set_global_assignment -name ALLOW_MULTIPLE_PERSONAS OFF -entity signal_processing_template -section_id Top was ignored
    Warning (20014): Assignment for entity set_global_assignment -name PARTITION_ASD_REGION_ID 1 -entity signal_processing_template -section_id Top was ignored
    Warning (20014): Assignment for entity set_global_assignment -name CROSS_BOUNDARY_OPTIMIZATIONS OFF -entity signal_processing_template -section_id Top was ignored
    Warning (20014): Assignment for entity set_global_assignment -name PROPAGATE_CONSTANTS_ON_INPUTS ON -entity signal_processing_template -section_id Top was ignored
    Warning (20014): Assignment for entity set_global_assignment -name PROPAGATE_INVERSIONS_ON_INPUTS ON -entity signal_processing_template -section_id Top was ignored
    Warning (20014): Assignment for entity set_global_assignment -name REMOVE_LOGIC_ON_UNCONNECTED_OUTPUTS ON -entity signal_processing_template -section_id Top was ignored
    Warning (20014): Assignment for entity set_global_assignment -name MERGE_EQUIVALENT_INPUTS ON -entity signal_processing_template -section_id Top was ignored
    Warning (20014): Assignment for entity set_global_assignment -name MERGE_EQUIVALENT_BIDIRS ON -entity signal_processing_template -section_id Top was ignored
    Warning (20014): Assignment for entity set_global_assignment -name ABSORB_PATHS_FROM_OUTPUTS_TO_INPUTS ON -entity signal_processing_template -section_id Top was ignored
    Warning (20014): Assignment for entity set_global_assignment -name PARTITION_EXTRACT_HARD_BLOCK_NODES ON -entity signal_processing_template -section_id Top was ignored
    Warning (20014): Assignment for entity set_global_assignment -name PARTITION_ENABLE_STRICT_PRESERVATION OFF -entity signal_processing_template -section_id Top was ignored
Warning (18236): Number of processors has not been specified which may cause overloading on shared machines.  Set the global assignment NUM_PARALLEL_PROCESSORS in your QSF to an appropriate value for best performance.
Info (21077): Low junction temperature is 0 degrees C
Info (21077): High junction temperature is 85 degrees C
Info (332104): Reading SDC File: 'timing.sdc'
Info (332110): Deriving PLL clocks
    Info (332110): create_generated_clock -source {u0|pll_0|altera_pll_i|general[0].gpll~FRACTIONAL_PLL|refclkin} -divide_by 2 -multiply_by 12 -duty_cycle 50.00 -name {u0|pll_0|altera_pll_i|general[0].gpll~FRACTIONAL_PLL|vcoph[0]} {u0|pll_0|altera_pll_i|general[0].gpll~FRACTIONAL_PLL|vcoph[0]}
    Info (332110): create_generated_clock -source {u0|pll_0|altera_pll_i|general[0].gpll~PLL_OUTPUT_COUNTER|vco0ph[0]} -divide_by 6 -duty_cycle 50.00 -name {u0|pll_0|altera_pll_i|general[0].gpll~PLL_OUTPUT_COUNTER|divclk} {u0|pll_0|altera_pll_i|general[0].gpll~PLL_OUTPUT_COUNTER|divclk}
    Info (332110): create_generated_clock -source {u0|pll_0|altera_pll_i|general[3].gpll~PLL_OUTPUT_COUNTER|vco0ph[0]} -divide_by 30 -duty_cycle 50.00 -name {u0|pll_0|altera_pll_i|general[3].gpll~PLL_OUTPUT_COUNTER|divclk} {u0|pll_0|altera_pll_i|general[3].gpll~PLL_OUTPUT_COUNTER|divclk}
    Info (332110): create_generated_clock -source {u0|pll_0|altera_pll_i|general[2].gpll~PLL_OUTPUT_COUNTER|vco0ph[0]} -divide_by 5 -duty_cycle 50.00 -name {u0|pll_0|altera_pll_i|general[2].gpll~PLL_OUTPUT_COUNTER|divclk} {u0|pll_0|altera_pll_i|general[2].gpll~PLL_OUTPUT_COUNTER|divclk}
    Info (332110): create_generated_clock -source {u0|pll_0|altera_pll_i|general[1].gpll~PLL_OUTPUT_COUNTER|vco0ph[0]} -divide_by 3 -duty_cycle 50.00 -name {u0|pll_0|altera_pll_i|general[1].gpll~PLL_OUTPUT_COUNTER|divclk} {u0|pll_0|altera_pll_i|general[1].gpll~PLL_OUTPUT_COUNTER|divclk}
Info (332151): Clock uncertainty is not calculated until you update the timing netlist.
Info (332097): The following timing edges are non-unate.  TimeQuest will assume pos-unate behavior for these edges in the clock network.
    Info (332098): Cell: u0|pll_0|altera_pll_i|general[0].gpll~FRACTIONAL_PLL  from: refclkin  to: fbclk
    Info (332098): Cell: u0|pll_0|altera_pll_i|general[0].gpll~PLL_OUTPUT_COUNTER  from: vco0ph[0]  to: divclk
    Info (332098): Cell: u0|pll_0|altera_pll_i|general[0].gpll~PLL_REFCLK_SELECT  from: clkin[0]  to: clkout
    Info (332098): Cell: u0|pll_0|altera_pll_i|general[1].gpll~PLL_OUTPUT_COUNTER  from: vco0ph[0]  to: divclk
    Info (332098): Cell: u0|pll_0|altera_pll_i|general[2].gpll~PLL_OUTPUT_COUNTER  from: vco0ph[0]  to: divclk
    Info (332098): Cell: u0|pll_0|altera_pll_i|general[3].gpll~PLL_OUTPUT_COUNTER  from: vco0ph[0]  to: divclk
Info (332123): Deriving Clock Uncertainty. Please refer to report_sdc in TimeQuest to see clock uncertainties.
Info (223000): Starting Vectorless Power Activity Estimation
Warning (222019): Relative toggle rates could not be calculated because no unique register clock domain could be identified for some nodes
Warning (222013): Relative toggle rates could not be calculated because no clock domain could be identified for some nodes
Info (223001): Completed Vectorless Power Activity Estimation
Critical Warning (215050): HPS power is being analyzed for a device with an HPS without HPS power.
Info (218000): Using Advanced I/O Power to simulate I/O buffers with the specified board trace model
Info (334003): Started post-fitting delay annotation
Info (334004): Delay annotation completed successfully
Info (215049): Average toggle rate for this design is 10.667 millions of transitions / sec
Info (215031): Total thermal power estimate for the design is 485.19 mW
Info: Quartus Prime Power Analyzer was successful. 0 errors, 229 warnings
    Info: Peak virtual memory: 5277 megabytes
    Info: Processing ended: Wed May 10 18:46:00 2023
    Info: Elapsed time: 00:00:14
    Info: Total CPU time (on all processors): 00:00:17


