Flow report for coherent_average_tb
Fri May 12 15:43:06 2023
Quartus Prime Version 17.1.0 Build 590 10/25/2017 SJ Lite Edition


---------------------
; Table of Contents ;
---------------------
  1. Legal Notice
  2. Flow Summary
  3. Flow Settings
  4. Flow Non-Default Global Settings
  5. Flow Elapsed Time
  6. Flow OS Summary
  7. Flow Log
  8. Flow Messages
  9. Flow Suppressed Messages



----------------
; Legal Notice ;
----------------
Copyright (C) 2017  Intel Corporation. All rights reserved.
Your use of Intel Corporation's design tools, logic functions 
and other software and tools, and its AMPP partner logic 
functions, and any output files from any of the foregoing 
(including device programming or simulation files), and any 
associated documentation or information are expressly subject 
to the terms and conditions of the Intel Program License 
Subscription Agreement, the Intel Quartus Prime License Agreement,
the Intel FPGA IP License Agreement, or other applicable license
agreement, including, without limitation, that your use is for
the sole purpose of programming logic devices manufactured by
Intel and sold by Intel or its authorized distributors.  Please
refer to the applicable agreement for further details.



+-------------------------------------------------------------------------------+
; Flow Summary                                                                  ;
+---------------------------------+---------------------------------------------+
; Flow Status                     ; Successful - Fri May 12 15:43:06 2023       ;
; Quartus Prime Version           ; 17.1.0 Build 590 10/25/2017 SJ Lite Edition ;
; Revision Name                   ; coherent_average_tb                         ;
; Top-level Entity Name           ; coherent_average_tb                         ;
; Family                          ; Cyclone V                                   ;
; Device                          ; 5CSEMA5F31C6                                ;
; Timing Models                   ; Final                                       ;
; Logic utilization (in ALMs)     ; 2,591 / 32,070 ( 8 % )                      ;
; Total registers                 ; 706                                         ;
; Total pins                      ; 99 / 457 ( 22 % )                           ;
; Total virtual pins              ; 0                                           ;
; Total block memory bits         ; 0 / 4,065,280 ( 0 % )                       ;
; Total DSP Blocks                ; 0 / 87 ( 0 % )                              ;
; Total HSSI RX PCSs              ; 0                                           ;
; Total HSSI PMA RX Deserializers ; 0                                           ;
; Total HSSI TX PCSs              ; 0                                           ;
; Total HSSI PMA TX Serializers   ; 0                                           ;
; Total PLLs                      ; 1 / 6 ( 17 % )                              ;
; Total DLLs                      ; 0 / 4 ( 0 % )                               ;
+---------------------------------+---------------------------------------------+


+-----------------------------------------+
; Flow Settings                           ;
+-------------------+---------------------+
; Option            ; Setting             ;
+-------------------+---------------------+
; Start date & time ; 05/12/2023 15:39:56 ;
; Main task         ; Compilation         ;
; Revision Name     ; coherent_average_tb ;
+-------------------+---------------------+


+---------------------------------------------------------------------------------------------------------------------------------------------------------------+
; Flow Non-Default Global Settings                                                                                                                              ;
+--------------------------------------+----------------------------------------------------------+---------------+----------------------------+----------------+
; Assignment Name                      ; Value                                                    ; Default Value ; Entity Name                ; Section Id     ;
+--------------------------------------+----------------------------------------------------------+---------------+----------------------------+----------------+
; AUTO_DSP_RECOGNITION                 ; Off                                                      ; On            ; --                         ; --             ;
; COMPILER_SIGNATURE_ID                ; 193989710746336.168391679607916                          ; --            ; --                         ; --             ;
; DSP_BLOCK_BALANCING                  ; Logic Elements                                           ; Auto          ; --                         ; --             ;
; EDA_DESIGN_INSTANCE_NAME             ; NA                                                       ; --            ; --                         ; testbench      ;
; EDA_ENABLE_GLITCH_FILTERING          ; On                                                       ; --            ; --                         ; eda_simulation ;
; EDA_MAP_ILLEGAL_CHARACTERS           ; On                                                       ; --            ; --                         ; eda_simulation ;
; EDA_NATIVELINK_SIMULATION_TEST_BENCH ; testbench                                                ; --            ; --                         ; eda_simulation ;
; EDA_OUTPUT_DATA_FORMAT               ; Verilog Hdl                                              ; --            ; --                         ; eda_simulation ;
; EDA_RUN_TOOL_AUTOMATICALLY           ; Off                                                      ; --            ; --                         ; eda_simulation ;
; EDA_SIMULATION_TOOL                  ; ModelSim-Altera (Verilog)                                ; <None>        ; --                         ; --             ;
; EDA_TEST_BENCH_ENABLE_STATUS         ; TEST_BENCH_MODE                                          ; --            ; --                         ; eda_simulation ;
; EDA_TEST_BENCH_FILE                  ; testbench.v                                              ; --            ; --                         ; testbench      ;
; EDA_TEST_BENCH_MODULE_NAME           ; testbench                                                ; --            ; --                         ; testbench      ;
; EDA_TEST_BENCH_NAME                  ; testbench                                                ; --            ; --                         ; eda_simulation ;
; EDA_TIME_SCALE                       ; 1 ps                                                     ; --            ; --                         ; eda_simulation ;
; MAX_CORE_JUNCTION_TEMP               ; 85                                                       ; --            ; --                         ; --             ;
; MIN_CORE_JUNCTION_TEMP               ; 0                                                        ; --            ; --                         ; --             ;
; MISC_FILE                            ; clocks/synthesis/../clocks.cmp                           ; --            ; --                         ; --             ;
; MISC_FILE                            ; clocks/synthesis/../../clocks.qsys                       ; --            ; --                         ; --             ;
; PARTITION_COLOR                      ; -- (Not supported for targeted family)                   ; --            ; ADC_DAC_test               ; Top            ;
; PARTITION_COLOR                      ; -- (Not supported for targeted family)                   ; --            ; BCD_display                ; Top            ;
; PARTITION_COLOR                      ; -- (Not supported for targeted family)                   ; --            ; DE1_SOC_ADA                ; Top            ;
; PARTITION_COLOR                      ; -- (Not supported for targeted family)                   ; --            ; Lock_In                    ; Top            ;
; PARTITION_COLOR                      ; -- (Not supported for targeted family)                   ; --            ; SSVEP_ADC_BL               ; Top            ;
; PARTITION_COLOR                      ; -- (Not supported for targeted family)                   ; --            ; --                         ; Top            ;
; PARTITION_COLOR                      ; -- (Not supported for targeted family)                   ; --            ; embedded_adc_test          ; Top            ;
; PARTITION_COLOR                      ; -- (Not supported for targeted family)                   ; --            ; func_generator             ; Top            ;
; PARTITION_COLOR                      ; -- (Not supported for targeted family)                   ; --            ; ghrd_top                   ; Top            ;
; PARTITION_COLOR                      ; -- (Not supported for targeted family)                   ; --            ; signal_processing          ; Top            ;
; PARTITION_COLOR                      ; -- (Not supported for targeted family)                   ; --            ; signal_processing_template ; Top            ;
; PARTITION_FITTER_PRESERVATION_LEVEL  ; -- (Not supported for targeted family)                   ; --            ; ADC_DAC_test               ; Top            ;
; PARTITION_FITTER_PRESERVATION_LEVEL  ; -- (Not supported for targeted family)                   ; --            ; BCD_display                ; Top            ;
; PARTITION_FITTER_PRESERVATION_LEVEL  ; -- (Not supported for targeted family)                   ; --            ; DE1_SOC_ADA                ; Top            ;
; PARTITION_FITTER_PRESERVATION_LEVEL  ; -- (Not supported for targeted family)                   ; --            ; Lock_In                    ; Top            ;
; PARTITION_FITTER_PRESERVATION_LEVEL  ; -- (Not supported for targeted family)                   ; --            ; SSVEP_ADC_BL               ; Top            ;
; PARTITION_FITTER_PRESERVATION_LEVEL  ; -- (Not supported for targeted family)                   ; --            ; --                         ; Top            ;
; PARTITION_FITTER_PRESERVATION_LEVEL  ; -- (Not supported for targeted family)                   ; --            ; embedded_adc_test          ; Top            ;
; PARTITION_FITTER_PRESERVATION_LEVEL  ; -- (Not supported for targeted family)                   ; --            ; func_generator             ; Top            ;
; PARTITION_FITTER_PRESERVATION_LEVEL  ; -- (Not supported for targeted family)                   ; --            ; ghrd_top                   ; Top            ;
; PARTITION_FITTER_PRESERVATION_LEVEL  ; -- (Not supported for targeted family)                   ; --            ; signal_processing          ; Top            ;
; PARTITION_FITTER_PRESERVATION_LEVEL  ; -- (Not supported for targeted family)                   ; --            ; signal_processing_template ; Top            ;
; PARTITION_NETLIST_TYPE               ; -- (Not supported for targeted family)                   ; --            ; ADC_DAC_test               ; Top            ;
; PARTITION_NETLIST_TYPE               ; -- (Not supported for targeted family)                   ; --            ; BCD_display                ; Top            ;
; PARTITION_NETLIST_TYPE               ; -- (Not supported for targeted family)                   ; --            ; DE1_SOC_ADA                ; Top            ;
; PARTITION_NETLIST_TYPE               ; -- (Not supported for targeted family)                   ; --            ; Lock_In                    ; Top            ;
; PARTITION_NETLIST_TYPE               ; -- (Not supported for targeted family)                   ; --            ; SSVEP_ADC_BL               ; Top            ;
; PARTITION_NETLIST_TYPE               ; -- (Not supported for targeted family)                   ; --            ; --                         ; Top            ;
; PARTITION_NETLIST_TYPE               ; -- (Not supported for targeted family)                   ; --            ; embedded_adc_test          ; Top            ;
; PARTITION_NETLIST_TYPE               ; -- (Not supported for targeted family)                   ; --            ; func_generator             ; Top            ;
; PARTITION_NETLIST_TYPE               ; -- (Not supported for targeted family)                   ; --            ; ghrd_top                   ; Top            ;
; PARTITION_NETLIST_TYPE               ; -- (Not supported for targeted family)                   ; --            ; signal_processing          ; Top            ;
; PARTITION_NETLIST_TYPE               ; -- (Not supported for targeted family)                   ; --            ; signal_processing_template ; Top            ;
; POWER_BOARD_THERMAL_MODEL            ; None (CONSERVATIVE)                                      ; --            ; --                         ; --             ;
; POWER_PRESET_COOLING_SOLUTION        ; 23 MM HEAT SINK WITH 200 LFPM AIRFLOW                    ; --            ; --                         ; --             ;
; PROJECT_OUTPUT_DIRECTORY             ; output_files                                             ; --            ; --                         ; --             ;
; SLD_FILE                             ; clocks/synthesis/clocks.debuginfo                        ; --            ; --                         ; --             ;
; SLD_INFO                             ; QSYS_NAME clocks HAS_SOPCINFO 1 GENERATION_ID 1683667389 ; --            ; clocks                     ; --             ;
; SOPCINFO_FILE                        ; clocks/synthesis/../../clocks.sopcinfo                   ; --            ; --                         ; --             ;
; SYNTHESIS_ONLY_QIP                   ; On                                                       ; --            ; --                         ; --             ;
+--------------------------------------+----------------------------------------------------------+---------------+----------------------------+----------------+


+-------------------------------------------------------------------------------------------------------------------------------+
; Flow Elapsed Time                                                                                                             ;
+---------------------------+--------------+-------------------------+---------------------+------------------------------------+
; Module Name               ; Elapsed Time ; Average Processors Used ; Peak Virtual Memory ; Total CPU Time (on all processors) ;
+---------------------------+--------------+-------------------------+---------------------+------------------------------------+
; Analysis & Synthesis      ; 00:00:22     ; 1.0                     ; 4899 MB             ; 00:00:37                           ;
; Fitter                    ; 00:02:15     ; 1.1                     ; 6298 MB             ; 00:04:41                           ;
; Assembler                 ; 00:00:09     ; 1.0                     ; 4871 MB             ; 00:00:09                           ;
; TimeQuest Timing Analyzer ; 00:00:15     ; 1.5                     ; 5197 MB             ; 00:00:21                           ;
; EDA Netlist Writer        ; 00:00:04     ; 1.0                     ; 4914 MB             ; 00:00:04                           ;
; Total                     ; 00:03:05     ; --                      ; --                  ; 00:05:52                           ;
+---------------------------+--------------+-------------------------+---------------------+------------------------------------+


+-----------------------------------------------------------------------------------------+
; Flow OS Summary                                                                         ;
+---------------------------+------------------+------------+------------+----------------+
; Module Name               ; Machine Hostname ; OS Name    ; OS Version ; Processor type ;
+---------------------------+------------------+------------+------------+----------------+
; Analysis & Synthesis      ; DESKTOP-BRUHM76  ; Windows 10 ; 10.0       ; x86_64         ;
; Fitter                    ; DESKTOP-BRUHM76  ; Windows 10 ; 10.0       ; x86_64         ;
; Assembler                 ; DESKTOP-BRUHM76  ; Windows 10 ; 10.0       ; x86_64         ;
; TimeQuest Timing Analyzer ; DESKTOP-BRUHM76  ; Windows 10 ; 10.0       ; x86_64         ;
; EDA Netlist Writer        ; DESKTOP-BRUHM76  ; Windows 10 ; 10.0       ; x86_64         ;
+---------------------------+------------------+------------+------------+----------------+


------------
; Flow Log ;
------------
quartus_map --read_settings_files=on --write_settings_files=off coherent_average_tb -c coherent_average_tb
quartus_fit --read_settings_files=off --write_settings_files=off coherent_average_tb -c coherent_average_tb
quartus_asm --read_settings_files=off --write_settings_files=off coherent_average_tb -c coherent_average_tb
quartus_sta coherent_average_tb -c coherent_average_tb
quartus_eda --read_settings_files=off --write_settings_files=off coherent_average_tb -c coherent_average_tb



